[  524258ms] [ERROR] Failed to load resource: the server responded with a status of 404 () @ http://localhost:3000/favicon.ico:0
[  537484ms] [ERROR] Failed to load resource: the server responded with a status of 503 () @ https://fonts.googleapis.com/css2?family=Inter:wght@400;450;500;550;600;700&display=swap:0
[  537785ms] [WARNING] %c%s%c ⚠ Unsupported metadata viewport is configured in metadata export in /golf/dashboard. Please move it to viewport export instead.
Read more: https://nextjs.org/docs/app/api-reference/functions/generate-viewport background: #e6e6e6;background: light-dark(rgba(0,0,0,0.1), rgba(255,255,255,0.25));color: #000000;color: light-dark(#000000, #ffffff);border-radius: 2px  Server   @ http://localhost:3000/_next/static/chunks/node_modules_next_dist_f3530cac._.js:2298
[  538304ms] [WARNING] [TamboProvider] Neither userKey nor userToken provided. API requests will be blocked until authentication is configured. @ http://localhost:3000/_next/static/chunks/node_modules_next_dist_f3530cac._.js:2298
[  538386ms] Error: Switched to client rendering because the server rendering errored:

Module [project]/src/app/golf/(dashboard)/dashboard/page.tsx [app-ssr] (ecmascript) was instantiated because it was required from module [project]/node_modules/next/dist/esm/build/templates/app-page.js?page=/golf/(dashboard)/dashboard/roster/page { GLOBAL_ERROR_MODULE => "[project]/src/app/global-error.tsx [app-rsc] (ecmascript, Next.js Server Component)", MODULE_0 => "[project]/src/app/layout.tsx [app-rsc] (ecmascript, Next.js Server Component)", MODULE_1 => "[project]/src/app/error.tsx [app-rsc] (ecmascript, Next.js Server Component)", MODULE_2 => "[project]/src/app/not-found.tsx [app-rsc] (ecmascript, Next.js Server Component)", MODULE_3 => "[project]/node_modules/next/dist/client/components/builtin/forbidden.js [app-rsc] (ecmascript, Next.js Server Component)", MODULE_4 => "[project]/node_modules/next/dist/client/components/builtin/unauthorized.js [app-rsc] (ecmascript, Next.js Server Component)", MODULE_5 => "[project]/src/app/global-error.tsx [app-rsc] (ecmascript, Next.js Server Component)", MODULE_6 => "[project]/src/app/golf/(dashboard)/layout.tsx [app-rsc] (ecmascript, Next.js Server Component)", MODULE_7 => "[project]/src/app/golf/(dashboard)/error.tsx [app-rsc] (ecmascript, Next.js Server Component)", MODULE_8 => "[project]/src/app/golf/(dashboard)/loading.tsx [app-rsc] (ecmascript, Next.js Server Component)", MODULE_9 => "[project]/src/app/golf/(dashboard)/dashboard/error.tsx [app-rsc] (ecmascript, Next.js Server Component)", MODULE_10 => "[project]/src/app/golf/(dashboard)/dashboard/loading.tsx [app-rsc] (ecmascript, Next.js Server Component)", MODULE_11 => "[project]/src/app/golf/(dashboard)/dashboard/roster/error.tsx [app-rsc] (ecmascript, Next.js Server Component)", MODULE_12 => "[project]/src/app/golf/(dashboard)/dashboard/roster/loading.tsx [app-rsc] (ecmascript, Next.js Server Component)", MODULE_13 => "[project]/src/app/golf/(dashboard)/dashboard/roster/page.tsx [app-rsc] (ecmascript, Next.js Server Component)" } [app-rsc] (ecmascript) <locals>, but the module factory is not available.
    at instantiateModule (/Users/ricknini/Downloads/helmv3/.next/dev/server/chunks/ssr/[turbopack]_runtime.js:732:15)
    at getOrInstantiateModuleFromParent (/Users/ricknini/Downloads/helmv3/.next/dev/server/chunks/ssr/[turbopack]_runtime.js:763:12)
    at Context.commonJsRequire [as r] (/Users/ricknini/Downloads/helmv3/.next/dev/server/chunks/ssr/[turbopack]_runtime.js:249:12)
    at Object.require (/Users/ricknini/Downloads/helmv3/node_modules/next/dist/compiled/next-server/app-page-turbo.runtime.dev.js:41:35356)
    at globalThis.__next_require__ (/Users/ricknini/Downloads/helmv3/node_modules/next/dist/compiled/next-server/app-page-turbo.runtime.dev.js:41:36155)
    at requireModule (/Users/ricknini/Downloads/helmv3/node_modules/next/dist/compiled/next-server/app-page-turbo.runtime.dev.js:2:337234)
    at initializeModuleChunk (/Users/ricknini/Downloads/helmv3/node_modules/next/dist/compiled/next-server/app-page-turbo.runtime.dev.js:2:376961)
    at getOutlinedModel (/Users/ricknini/Downloads/helmv3/node_modules/next/dist/compiled/next-server/app-page-turbo.runtime.dev.js:2:388667)
    at /Users/ricknini/Downloads/helmv3/node_modules/next/dist/compiled/next-server/app-page-turbo.runtime.dev.js:2:397359
    at ResponseInstance._fromJSON (/Users/ricknini/Downloads/helmv3/node_modules/next/dist/compiled/next-server/app-page-turbo.runtime.dev.js:2:397450)
    at JSON.parse (<anonymous>)
    at initializeModelChunk (/Users/ricknini/Downloads/helmv3/node_modules/next/dist/compiled/next-server/app-page-turbo.runtime.dev.js:2:376114)
    at readChunk (/Users/ricknini/Downloads/helmv3/node_modules/next/dist/compiled/next-server/app-page-turbo.runtime.dev.js:2:369145)
    at Object.react_stack_bottom_frame (/Users/ricknini/Downloads/helmv3/node_modules/next/dist/compiled/next-server/app-page-turbo.runtime.dev.js:2:308602)
    at retryNode (/Users/ricknini/Downloads/helmv3/node_modules/next/dist/compiled/next-server/app-page-turbo.runtime.dev.js:2:201547)
    at renderNodeDestructive (/Users/ricknini/Downloads/helmv3/node_modules/next/dist/compiled/next-server/app-page-turbo.runtime.dev.js:2:200452)
    at renderElement (/Users/ricknini/Downloads/helmv3/node_modules/next/dist/compiled/next-server/app-page-turbo.runtime.dev.js:2:192636)
    at retryNode (/Users/ricknini/Downloads/helmv3/node_modules/next/dist/compiled/next-server/app-page-turbo.runtime.dev.js:2:201217)
    at renderNodeDestructive (/Users/ricknini/Downloads/helmv3/node_modules/next/dist/compiled/next-server/app-page-turbo.runtime.dev.js:2:200452)
    at finishFunctionComponent (/Users/ricknini/Downloads/helmv3/node_modules/next/dist/compiled/next-server/app-page-turbo.runtime.dev.js:2:118647)
    at renderElement (/Users/ricknini/Downloads/helmv3/node_modules/next/dist/compiled/next-server/app-page-turbo.runtime.dev.js:2:133818)
    at retryNode (/Users/ricknini/Downloads/helmv3/node_modules/next/dist/compiled/next-server/app-page-turbo.runtime.dev.js:2:201217)
    at renderNodeDestructive (/Users/ricknini/Downloads/helmv3/node_modules/next/dist/compiled/next-server/app-page-turbo.runtime.dev.js:2:200452)
    at renderNode (/Users/ricknini/Downloads/helmv3/node_modules/next/dist/compiled/next-server/app-page-turbo.runtime.dev.js:2:212370)
    at renderChildrenArray (/Users/ricknini/Downloads/helmv3/node_modules/next/dist/compiled/next-server/app-page-turbo.runtime.dev.js:2:206931)
    at retryNode (/Users/ricknini/Downloads/helmv3/node_modules/next/dist/compiled/next-server/app-page-turbo.runtime.dev.js:2:201694)
    at renderNodeDestructive (/Users/ricknini/Downloads/helmv3/node_modules/next/dist/compiled/next-server/app-page-turbo.runtime.dev.js:2:200452)
    at renderElement (/Users/ricknini/Downloads/helmv3/node_modules/next/dist/compiled/next-server/app-page-turbo.runtime.dev.js:2:131760)
    at retryNode (/Users/ricknini/Downloads/helmv3/node_modules/next/dist/compiled/next-server/app-page-turbo.runtime.dev.js:2:201217)
    at renderNodeDestructive (/Users/ricknini/Downloads/helmv3/node_modules/next/dist/compiled/next-server/app-page-turbo.runtime.dev.js:2:200452)
    at finishFunctionComponent (/Users/ricknini/Downloads/helmv3/node_modules/next/dist/compiled/next-server/app-page-turbo.runtime.dev.js:2:118647)
    at renderElement (/Users/ricknini/Downloads/helmv3/node_modules/next/dist/compiled/next-server/app-page-turbo.runtime.dev.js:2:133818)
    at retryNode (/Users/ricknini/Downloads/helmv3/node_modules/next/dist/compiled/next-server/app-page-turbo.runtime.dev.js:2:201217)
    at renderNodeDestructive (/Users/ricknini/Downloads/helmv3/node_modules/next/dist/compiled/next-server/app-page-turbo.runtime.dev.js:2:200452)
    at renderElement (/Users/ricknini/Downloads/helmv3/node_modules/next/dist/compiled/next-server/app-page-turbo.runtime.dev.js:2:181971)
    at retryNode (/Users/ricknini/Downloads/helmv3/node_modules/next/dist/compiled/next-server/app-page-turbo.runtime.dev.js:2:201217)
    at renderNodeDestructive (/Users/ricknini/Downloads/helmv3/node_modules/next/dist/compiled/next-server/app-page-turbo.runtime.dev.js:2:200452)
    at finishFunctionComponent (/Users/ricknini/Downloads/helmv3/node_modules/next/dist/compiled/next-server/app-page-turbo.runtime.dev.js:2:118647)
    at renderElement (/Users/ricknini/Downloads/helmv3/node_modules/next/dist/compiled/next-server/app-page-turbo.runtime.dev.js:2:133818)
    at retryNode (/Users/ricknini/Downloads/helmv3/node_modules/next/dist/compiled/next-server/app-page-turbo.runtime.dev.js:2:201217)
    at renderNodeDestructive (/Users/ricknini/Downloads/helmv3/node_modules/next/dist/compiled/next-server/app-page-turbo.runtime.dev.js:2:200452)
    at renderNode (/Users/ricknini/Downloads/helmv3/node_modules/next/dist/compiled/next-server/app-page-turbo.runtime.dev.js:2:212370)
    at renderElement (/Users/ricknini/Downloads/helmv3/node_modules/next/dist/compiled/next-server/app-page-turbo.runtime.dev.js:2:189428)
    at retryNode (/Users/ricknini/Downloads/helmv3/node_modules/next/dist/compiled/next-server/app-page-turbo.runtime.dev.js:2:201217)
    at renderNodeDestructive (/Users/ricknini/Downloads/helmv3/node_modules/next/dist/compiled/next-server/app-page-turbo.runtime.dev.js:2:200452)
    at finishFunctionComponent (/Users/ricknini/Downloads/helmv3/node_modules/next/dist/compiled/next-server/app-page-turbo.runtime.dev.js:2:118647)
    at renderElement (/Users/ricknini/Downloads/helmv3/node_modules/next/dist/compiled/next-server/app-page-turbo.runtime.dev.js:2:133818)
    at retryNode (/Users/ricknini/Downloads/helmv3/node_modules/next/dist/compiled/next-server/app-page-turbo.runtime.dev.js:2:201217)
    at renderNodeDestructive (/Users/ricknini/Downloads/helmv3/node_modules/next/dist/compiled/next-server/app-page-turbo.runtime.dev.js:2:200452)
    at renderElement (/Users/ricknini/Downloads/helmv3/node_modules/next/dist/compiled/next-server/app-page-turbo.runtime.dev.js:2:131760)
[  538426ms] [ERROR] Loading the script 'https://va.vercel-scripts.com/v1/script.debug.js' violates the following Content Security Policy directive: "script-src 'self' 'unsafe-inline' 'unsafe-eval' https://cdn.jsdelivr.net https://cdnjs.cloudflare.com blob:". Note that 'script-src-elem' was not explicitly set, so 'script-src' is used as a fallback. The action has been blocked. @ http://localhost:3000/_next/static/chunks/node_modules_8bdb3fa5._.js:4273
[  538542ms] [ERROR] Failed to load resource: the server responded with a status of 400 () @ https://qmnssrrolpinvwjjnufo.supabase.co/auth/v1/token?grant_type=refresh_token:0
[  538548ms] [ERROR] AuthApiError: Invalid Refresh Token: Refresh Token Not Found
    at handleError (http://localhost:3000/_next/static/chunks/node_modules_%40supabase_auth-js_dist_module_e6c70351._.js:910:11)
    at async _handleRequest (http://localhost:3000/_next/static/chunks/node_modules_%40supabase_auth-js_dist_module_e6c70351._.js:960:9)
    at async _request (http://localhost:3000/_next/static/chunks/node_modules_%40supabase_auth-js_dist_module_e6c70351._.js:940:18)
    at async http://localhost:3000/_next/static/chunks/node_modules_%40supabase_auth-js_dist_module_e6c70351._.js:4829:24
    at async http://localhost:3000/_next/static/chunks/node_modules_%40supabase_auth-js_dist_module_e6c70351._.js:669:36 @ http://localhost:3000/_next/static/chunks/node_modules_next_dist_f3530cac._.js:3128
[  538762ms] [ERROR] Failed to load resource: the server responded with a status of 406 () @ https://qmnssrrolpinvwjjnufo.supabase.co/rest/v1/golf_teams?select=id%2Cname%2Cseason%2Cjoin_code%2Ccreated_at&id=eq.6ecdd1a6-63fe-4beb-b094-00118f334163:0
[  538802ms] [ERROR] Failed to load resource: the server responded with a status of 406 () @ https://qmnssrrolpinvwjjnufo.supabase.co/rest/v1/golf_players?select=handicap&id=eq.49ffe06d-9b22-4f2f-8c69-f56badbbde6b:0
[  539086ms] [ERROR] %o

%s Error: You have rendered a `motion` component within a `LazyMotion` component. This will break tree shaking. Import and render a `m` component instead.. For more information and steps for solving, visit https://motion.dev/troubleshooting/lazy-strict-mode
    at invariant (http://localhost:3000/_next/static/chunks/node_modules_9befdbf3._.js:11696:19)
    at useStrictMode (http://localhost:3000/_next/static/chunks/node_modules_framer-motion_dist_es_3d06417d._.js:2875:428)
    at MotionDOMComponent (http://localhost:3000/_next/static/chunks/node_modules_framer-motion_dist_es_3d06417d._.js:2835:13)
    at Object.react_stack_bottom_frame (http://localhost:3000/_next/static/chunks/node_modules_next_dist_compiled_react-dom_1e674e59._.js:14827:24)
    at renderWithHooks (http://localhost:3000/_next/static/chunks/node_modules_next_dist_compiled_react-dom_1e674e59._.js:4652:24)
    at updateForwardRef (http://localhost:3000/_next/static/chunks/node_modules_next_dist_compiled_react-dom_1e674e59._.js:5940:21)
    at beginWork (http://localhost:3000/_next/static/chunks/node_modules_next_dist_compiled_react-dom_1e674e59._.js:6784:24)
    at runWithFiberInDEV (http://localhost:3000/_next/static/chunks/node_modules_next_dist_compiled_react-dom_1e674e59._.js:966:74)
    at performUnitOfWork (http://localhost:3000/_next/static/chunks/node_modules_next_dist_compiled_react-dom_1e674e59._.js:9563:97)
    at workLoopSync (http://localhost:3000/_next/static/chunks/node_modules_next_dist_compiled_react-dom_1e674e59._.js:9457:40)
    at renderRootSync (http://localhost:3000/_next/static/chunks/node_modules_next_dist_compiled_react-dom_1e674e59._.js:9441:13)
    at performWorkOnRoot (http://localhost:3000/_next/static/chunks/node_modules_next_dist_compiled_react-dom_1e674e59._.js:9069:186)
    at performSyncWorkOnRoot (http://localhost:3000/_next/static/chunks/node_modules_next_dist_compiled_react-dom_1e674e59._.js:10239:9)
    at flushSyncWorkAcrossRoots_impl (http://localhost:3000/_next/static/chunks/node_modules_next_dist_compiled_react-dom_1e674e59._.js:10155:316)
    at processRootScheduleInMicrotask (http://localhost:3000/_next/static/chunks/node_modules_next_dist_compiled_react-dom_1e674e59._.js:10176:106)
    at http://localhost:3000/_next/static/chunks/node_modules_next_dist_compiled_react-dom_1e674e59._.js:10250:158 The above error occurred in the <MotionDOMComponent> component. It was handled by the <ErrorBoundaryHandler> error boundary. @ http://localhost:3000/_next/static/chunks/node_modules_next_dist_client_17643121._.js:1343
[  539092ms] [ERROR] Message: You have rendered a `motion` component within a `LazyMotion` component. This will break tree shaking. Import and render a `m` component instead.. For more information and steps for solving, visit https://motion.dev/troubleshooting/lazy-strict-mode @ http://localhost:3000/_next/static/chunks/node_modules_next_dist_f3530cac._.js:3128
[  539094ms] [ERROR] Stack: Error: You have rendered a `motion` component within a `LazyMotion` component. This will break tree shaking. Import and render a `m` component instead.. For more information and steps for solving, visit https://motion.dev/troubleshooting/lazy-strict-mode
    at invariant (http://localhost:3000/_next/static/chunks/node_modules_9befdbf3._.js:11696:19)
    at useStrictMode (http://localhost:3000/_next/static/chunks/node_modules_framer-motion_dist_es_3d06417d._.js:2875:428)
    at MotionDOMComponent (http://localhost:3000/_next/static/chunks/node_modules_framer-motion_dist_es_3d06417d._.js:2835:13)
    at Object.react_stack_bottom_frame (http://localhost:3000/_next/static/chunks/node_modules_next_dist_compiled_react-dom_1e674e59._.js:14827:24)
    at renderWithHooks (http://localhost:3000/_next/static/chunks/node_modules_next_dist_compiled_react-dom_1e674e59._.js:4652:24)
    at updateForwardRef (http://localhost:3000/_next/static/chunks/node_modules_next_dist_compiled_react-dom_1e674e59._.js:5940:21)
    at beginWork (http://localhost:3000/_next/static/chunks/node_modules_next_dist_compiled_react-dom_1e674e59._.js:6784:24)
    at runWithFiberInDEV (http://localhost:3000/_next/static/chunks/node_modules_next_dist_compiled_react-dom_1e674e59._.js:966:74)
    at performUnitOfWork (http://localhost:3000/_next/static/chunks/node_modules_next_dist_compiled_react-dom_1e674e59._.js:9563:97)
    at workLoopSync (http://localhost:3000/_next/static/chunks/node_modules_next_dist_compiled_react-dom_1e674e59._.js:9457:40)
    at renderRootSync (http://localhost:3000/_next/static/chunks/node_modules_next_dist_compiled_react-dom_1e674e59._.js:9441:13)
    at performWorkOnRoot (http://localhost:3000/_next/static/chunks/node_modules_next_dist_compiled_react-dom_1e674e59._.js:9069:186)
    at performSyncWorkOnRoot (http://localhost:3000/_next/static/chunks/node_modules_next_dist_compiled_react-dom_1e674e59._.js:10239:9)
    at flushSyncWorkAcrossRoots_impl (http://localhost:3000/_next/static/chunks/node_modules_next_dist_compiled_react-dom_1e674e59._.js:10155:316)
    at processRootScheduleInMicrotask (http://localhost:3000/_next/static/chunks/node_modules_next_dist_compiled_react-dom_1e674e59._.js:10176:106)
    at http://localhost:3000/_next/static/chunks/node_modules_next_dist_compiled_react-dom_1e674e59._.js:10250:158 @ http://localhost:3000/_next/static/chunks/node_modules_next_dist_f3530cac._.js:3128
[  539104ms] [ERROR] Message: You have rendered a `motion` component within a `LazyMotion` component. This will break tree shaking. Import and render a `m` component instead.. For more information and steps for solving, visit https://motion.dev/troubleshooting/lazy-strict-mode @ http://localhost:3000/_next/static/chunks/node_modules_next_dist_f3530cac._.js:3128
[  539105ms] [ERROR] Stack: Error: You have rendered a `motion` component within a `LazyMotion` component. This will break tree shaking. Import and render a `m` component instead.. For more information and steps for solving, visit https://motion.dev/troubleshooting/lazy-strict-mode
    at invariant (http://localhost:3000/_next/static/chunks/node_modules_9befdbf3._.js:11696:19)
    at useStrictMode (http://localhost:3000/_next/static/chunks/node_modules_framer-motion_dist_es_3d06417d._.js:2875:428)
    at MotionDOMComponent (http://localhost:3000/_next/static/chunks/node_modules_framer-motion_dist_es_3d06417d._.js:2835:13)
    at Object.react_stack_bottom_frame (http://localhost:3000/_next/static/chunks/node_modules_next_dist_compiled_react-dom_1e674e59._.js:14827:24)
    at renderWithHooks (http://localhost:3000/_next/static/chunks/node_modules_next_dist_compiled_react-dom_1e674e59._.js:4652:24)
    at updateForwardRef (http://localhost:3000/_next/static/chunks/node_modules_next_dist_compiled_react-dom_1e674e59._.js:5940:21)
    at beginWork (http://localhost:3000/_next/static/chunks/node_modules_next_dist_compiled_react-dom_1e674e59._.js:6784:24)
    at runWithFiberInDEV (http://localhost:3000/_next/static/chunks/node_modules_next_dist_compiled_react-dom_1e674e59._.js:966:74)
    at performUnitOfWork (http://localhost:3000/_next/static/chunks/node_modules_next_dist_compiled_react-dom_1e674e59._.js:9563:97)
    at workLoopSync (http://localhost:3000/_next/static/chunks/node_modules_next_dist_compiled_react-dom_1e674e59._.js:9457:40)
    at renderRootSync (http://localhost:3000/_next/static/chunks/node_modules_next_dist_compiled_react-dom_1e674e59._.js:9441:13)
    at performWorkOnRoot (http://localhost:3000/_next/static/chunks/node_modules_next_dist_compiled_react-dom_1e674e59._.js:9069:186)
    at performSyncWorkOnRoot (http://localhost:3000/_next/static/chunks/node_modules_next_dist_compiled_react-dom_1e674e59._.js:10239:9)
    at flushSyncWorkAcrossRoots_impl (http://localhost:3000/_next/static/chunks/node_modules_next_dist_compiled_react-dom_1e674e59._.js:10155:316)
    at processRootScheduleInMicrotask (http://localhost:3000/_next/static/chunks/node_modules_next_dist_compiled_react-dom_1e674e59._.js:10176:106)
    at http://localhost:3000/_next/static/chunks/node_modules_next_dist_compiled_react-dom_1e674e59._.js:10250:158 @ http://localhost:3000/_next/static/chunks/node_modules_next_dist_f3530cac._.js:3128
[  540380ms] [ERROR] Failed to load resource: the server responded with a status of 401 (Unauthorized) @ http://localhost:3000/api/log-error:0
[  540400ms] [ERROR] Failed to load resource: the server responded with a status of 401 (Unauthorized) @ http://localhost:3000/api/log-error:0
[  568600ms] [ERROR] Failed to load resource: the server responded with a status of 406 () @ https://qmnssrrolpinvwjjnufo.supabase.co/rest/v1/golf_teams?select=id%2Cname%2Cseason%2Cjoin_code%2Ccreated_at&id=eq.6ecdd1a6-63fe-4beb-b094-00118f334163:0
[  568611ms] [ERROR] Failed to load resource: the server responded with a status of 406 () @ https://qmnssrrolpinvwjjnufo.supabase.co/rest/v1/golf_players?select=handicap&id=eq.49ffe06d-9b22-4f2f-8c69-f56badbbde6b:0
[  568666ms] [ERROR] Failed to load resource: the server responded with a status of 406 () @ https://qmnssrrolpinvwjjnufo.supabase.co/rest/v1/golf_teams?select=id%2Cname%2Cseason%2Cjoin_code%2Ccreated_at&id=eq.6ecdd1a6-63fe-4beb-b094-00118f334163:0
[  568675ms] [ERROR] Failed to load resource: the server responded with a status of 406 () @ https://qmnssrrolpinvwjjnufo.supabase.co/rest/v1/golf_players?select=handicap&id=eq.49ffe06d-9b22-4f2f-8c69-f56badbbde6b:0
[  573041ms] [ERROR] Failed to load resource: the server responded with a status of 404 (Not Found) @ http://localhost:3000/golf/login?returnTo=%2Fgolf%2Fdashboard:0
[  573056ms] [ERROR] %o

%s Error: You have rendered a `motion` component within a `LazyMotion` component. This will break tree shaking. Import and render a `m` component instead.. For more information and steps for solving, visit https://motion.dev/troubleshooting/lazy-strict-mode
    at invariant (http://localhost:3000/_next/static/chunks/node_modules_9befdbf3._.js:11696:19)
    at useStrictMode (http://localhost:3000/_next/static/chunks/node_modules_framer-motion_dist_es_3d06417d._.js:2875:428)
    at MotionDOMComponent (http://localhost:3000/_next/static/chunks/node_modules_framer-motion_dist_es_3d06417d._.js:2835:13)
    at Object.react_stack_bottom_frame (http://localhost:3000/_next/static/chunks/node_modules_next_dist_compiled_react-dom_1e674e59._.js:14827:24)
    at renderWithHooks (http://localhost:3000/_next/static/chunks/node_modules_next_dist_compiled_react-dom_1e674e59._.js:4652:24)
    at updateForwardRef (http://localhost:3000/_next/static/chunks/node_modules_next_dist_compiled_react-dom_1e674e59._.js:5940:21)
    at beginWork (http://localhost:3000/_next/static/chunks/node_modules_next_dist_compiled_react-dom_1e674e59._.js:6784:24)
    at runWithFiberInDEV (http://localhost:3000/_next/static/chunks/node_modules_next_dist_compiled_react-dom_1e674e59._.js:966:74)
    at performUnitOfWork (http://localhost:3000/_next/static/chunks/node_modules_next_dist_compiled_react-dom_1e674e59._.js:9563:97)
    at workLoopSync (http://localhost:3000/_next/static/chunks/node_modules_next_dist_compiled_react-dom_1e674e59._.js:9457:40)
    at renderRootSync (http://localhost:3000/_next/static/chunks/node_modules_next_dist_compiled_react-dom_1e674e59._.js:9441:13)
    at performWorkOnRoot (http://localhost:3000/_next/static/chunks/node_modules_next_dist_compiled_react-dom_1e674e59._.js:9069:186)
    at performSyncWorkOnRoot (http://localhost:3000/_next/static/chunks/node_modules_next_dist_compiled_react-dom_1e674e59._.js:10239:9)
    at flushSyncWorkAcrossRoots_impl (http://localhost:3000/_next/static/chunks/node_modules_next_dist_compiled_react-dom_1e674e59._.js:10155:316)
    at processRootScheduleInMicrotask (http://localhost:3000/_next/static/chunks/node_modules_next_dist_compiled_react-dom_1e674e59._.js:10176:106)
    at http://localhost:3000/_next/static/chunks/node_modules_next_dist_compiled_react-dom_1e674e59._.js:10250:158 The above error occurred in the <MotionDOMComponent> component. It was handled by the <ErrorBoundaryHandler> error boundary. @ http://localhost:3000/_next/static/chunks/node_modules_next_dist_client_17643121._.js:1343
[  573058ms] [ERROR] Message: You have rendered a `motion` component within a `LazyMotion` component. This will break tree shaking. Import and render a `m` component instead.. For more information and steps for solving, visit https://motion.dev/troubleshooting/lazy-strict-mode @ http://localhost:3000/_next/static/chunks/node_modules_next_dist_f3530cac._.js:3128
[  573059ms] [ERROR] Stack: Error: You have rendered a `motion` component within a `LazyMotion` component. This will break tree shaking. Import and render a `m` component instead.. For more information and steps for solving, visit https://motion.dev/troubleshooting/lazy-strict-mode
    at invariant (http://localhost:3000/_next/static/chunks/node_modules_9befdbf3._.js:11696:19)
    at useStrictMode (http://localhost:3000/_next/static/chunks/node_modules_framer-motion_dist_es_3d06417d._.js:2875:428)
    at MotionDOMComponent (http://localhost:3000/_next/static/chunks/node_modules_framer-motion_dist_es_3d06417d._.js:2835:13)
    at Object.react_stack_bottom_frame (http://localhost:3000/_next/static/chunks/node_modules_next_dist_compiled_react-dom_1e674e59._.js:14827:24)
    at renderWithHooks (http://localhost:3000/_next/static/chunks/node_modules_next_dist_compiled_react-dom_1e674e59._.js:4652:24)
    at updateForwardRef (http://localhost:3000/_next/static/chunks/node_modules_next_dist_compiled_react-dom_1e674e59._.js:5940:21)
    at beginWork (http://localhost:3000/_next/static/chunks/node_modules_next_dist_compiled_react-dom_1e674e59._.js:6784:24)
    at runWithFiberInDEV (http://localhost:3000/_next/static/chunks/node_modules_next_dist_compiled_react-dom_1e674e59._.js:966:74)
    at performUnitOfWork (http://localhost:3000/_next/static/chunks/node_modules_next_dist_compiled_react-dom_1e674e59._.js:9563:97)
    at workLoopSync (http://localhost:3000/_next/static/chunks/node_modules_next_dist_compiled_react-dom_1e674e59._.js:9457:40)
    at renderRootSync (http://localhost:3000/_next/static/chunks/node_modules_next_dist_compiled_react-dom_1e674e59._.js:9441:13)
    at performWorkOnRoot (http://localhost:3000/_next/static/chunks/node_modules_next_dist_compiled_react-dom_1e674e59._.js:9069:186)
    at performSyncWorkOnRoot (http://localhost:3000/_next/static/chunks/node_modules_next_dist_compiled_react-dom_1e674e59._.js:10239:9)
    at flushSyncWorkAcrossRoots_impl (http://localhost:3000/_next/static/chunks/node_modules_next_dist_compiled_react-dom_1e674e59._.js:10155:316)
    at processRootScheduleInMicrotask (http://localhost:3000/_next/static/chunks/node_modules_next_dist_compiled_react-dom_1e674e59._.js:10176:106)
    at http://localhost:3000/_next/static/chunks/node_modules_next_dist_compiled_react-dom_1e674e59._.js:10250:158 @ http://localhost:3000/_next/static/chunks/node_modules_next_dist_f3530cac._.js:3128
[  573064ms] [ERROR] Message: You have rendered a `motion` component within a `LazyMotion` component. This will break tree shaking. Import and render a `m` component instead.. For more information and steps for solving, visit https://motion.dev/troubleshooting/lazy-strict-mode @ http://localhost:3000/_next/static/chunks/node_modules_next_dist_f3530cac._.js:3128
[  573064ms] [ERROR] Stack: Error: You have rendered a `motion` component within a `LazyMotion` component. This will break tree shaking. Import and render a `m` component instead.. For more information and steps for solving, visit https://motion.dev/troubleshooting/lazy-strict-mode
    at invariant (http://localhost:3000/_next/static/chunks/node_modules_9befdbf3._.js:11696:19)
    at useStrictMode (http://localhost:3000/_next/static/chunks/node_modules_framer-motion_dist_es_3d06417d._.js:2875:428)
    at MotionDOMComponent (http://localhost:3000/_next/static/chunks/node_modules_framer-motion_dist_es_3d06417d._.js:2835:13)
    at Object.react_stack_bottom_frame (http://localhost:3000/_next/static/chunks/node_modules_next_dist_compiled_react-dom_1e674e59._.js:14827:24)
    at renderWithHooks (http://localhost:3000/_next/static/chunks/node_modules_next_dist_compiled_react-dom_1e674e59._.js:4652:24)
    at updateForwardRef (http://localhost:3000/_next/static/chunks/node_modules_next_dist_compiled_react-dom_1e674e59._.js:5940:21)
    at beginWork (http://localhost:3000/_next/static/chunks/node_modules_next_dist_compiled_react-dom_1e674e59._.js:6784:24)
    at runWithFiberInDEV (http://localhost:3000/_next/static/chunks/node_modules_next_dist_compiled_react-dom_1e674e59._.js:966:74)
    at performUnitOfWork (http://localhost:3000/_next/static/chunks/node_modules_next_dist_compiled_react-dom_1e674e59._.js:9563:97)
    at workLoopSync (http://localhost:3000/_next/static/chunks/node_modules_next_dist_compiled_react-dom_1e674e59._.js:9457:40)
    at renderRootSync (http://localhost:3000/_next/static/chunks/node_modules_next_dist_compiled_react-dom_1e674e59._.js:9441:13)
    at performWorkOnRoot (http://localhost:3000/_next/static/chunks/node_modules_next_dist_compiled_react-dom_1e674e59._.js:9069:186)
    at performSyncWorkOnRoot (http://localhost:3000/_next/static/chunks/node_modules_next_dist_compiled_react-dom_1e674e59._.js:10239:9)
    at flushSyncWorkAcrossRoots_impl (http://localhost:3000/_next/static/chunks/node_modules_next_dist_compiled_react-dom_1e674e59._.js:10155:316)
    at processRootScheduleInMicrotask (http://localhost:3000/_next/static/chunks/node_modules_next_dist_compiled_react-dom_1e674e59._.js:10176:106)
    at http://localhost:3000/_next/static/chunks/node_modules_next_dist_compiled_react-dom_1e674e59._.js:10250:158 @ http://localhost:3000/_next/static/chunks/node_modules_next_dist_f3530cac._.js:3128
[  573640ms] [ERROR] Failed to load resource: the server responded with a status of 401 (Unauthorized) @ http://localhost:3000/api/log-error:0
[  573698ms] [ERROR] Failed to load resource: the server responded with a status of 401 (Unauthorized) @ http://localhost:3000/api/log-error:0
[  573990ms] [ERROR] Failed to load resource: the server responded with a status of 404 (Not Found) @ http://localhost:3000/golf/login?returnTo=%2Fgolf%2Fdashboard:0
[  588345ms] [ERROR] Failed to load resource: the server responded with a status of 503 () @ https://fonts.googleapis.com/css2?family=Inter:wght@400;450;500;550;600;700&display=swap:0
[  589288ms] [ERROR] Loading the script 'https://va.vercel-scripts.com/v1/script.debug.js' violates the following Content Security Policy directive: "script-src 'self' 'unsafe-inline' 'unsafe-eval' https://cdn.jsdelivr.net https://cdnjs.cloudflare.com blob:". Note that 'script-src-elem' was not explicitly set, so 'script-src' is used as a fallback. The action has been blocked. @ http://localhost:3000/_next/static/chunks/node_modules_8bdb3fa5._.js:4273
[  589291ms] [WARNING] Please ensure that the container has a non-static position, like 'relative', 'fixed', or 'absolute' to ensure scroll offset is calculated correctly. @ http://localhost:3000/_next/static/chunks/node_modules_%40sentry_core_build_esm_0496101d._.js:10053
[  593592ms] [WARNING] Detected `scroll-behavior: smooth` on the `<html>` element. To disable smooth scrolling during route transitions, add `data-scroll-behavior="smooth"` to your <html> element. Learn more: https://nextjs.org/docs/messages/missing-data-scroll-behavior @ http://localhost:3000/_next/static/chunks/node_modules_%40sentry_core_build_esm_0496101d._.js:10053
[  610220ms] [WARNING] Sentry Logger [warn]: [Replay]  Parsing text body from response timed out @ http://localhost:3000/_next/static/chunks/node_modules_%40sentry_core_build_esm_0496101d._.js:177
[  610705ms] [ERROR] %o

%s Error: Module [project]/src/app/golf/actions/data:e533df [app-client] (ecmascript) <text/javascript> was instantiated because it was required from module [project]/src/app/golf/(dashboard)/dashboard/page.tsx [app-client] (ecmascript), but the module factory is not available. It might have been deleted in an HMR update.
    at instantiateModule (http://localhost:3000/_next/static/chunks/turbopack-_e1ee2416._.js:846:15)
    at getOrInstantiateModuleFromParent (http://localhost:3000/_next/static/chunks/turbopack-_e1ee2416._.js:831:12)
    at DevContext.esmImport [as i] (http://localhost:3000/_next/static/chunks/turbopack-_e1ee2416._.js:239:20)
    at module evaluation (http://localhost:3000/_next/static/chunks/src_app_golf_(dashboard)_dashboard_4453c51b._.js:2101:198)
    at http://localhost:3000/_next/static/chunks/turbopack-_e1ee2416._.js:880:13
    at runModuleExecutionHooks (http://localhost:3000/_next/static/chunks/turbopack-_e1ee2416._.js:905:13)
    at instantiateModule (http://localhost:3000/_next/static/chunks/turbopack-_e1ee2416._.js:878:9)
    at getOrInstantiateModuleFromParent (http://localhost:3000/_next/static/chunks/turbopack-_e1ee2416._.js:831:12)
    at DevContext.commonJsRequire [as r] (http://localhost:3000/_next/static/chunks/turbopack-_e1ee2416._.js:260:12)
    at requireModule (http://localhost:3000/_next/static/chunks/node_modules_next_dist_compiled_react-server-dom-turbopack_9212ccad._.js:86:84)
    at initializeModuleChunk (http://localhost:3000/_next/static/chunks/node_modules_next_dist_compiled_react-server-dom-turbopack_9212ccad._.js:1079:25)
    at resolveModuleChunk (http://localhost:3000/_next/static/chunks/node_modules_next_dist_compiled_react-server-dom-turbopack_9212ccad._.js:1003:43)
    at http://localhost:3000/_next/static/chunks/node_modules_next_dist_compiled_react-server-dom-turbopack_9212ccad._.js:1723:24 The above error occurred in the <ClientPageRoot> component. It was handled by the <ErrorBoundaryHandler> error boundary. @ http://localhost:3000/_next/static/chunks/node_modules_%40sentry_core_build_esm_0496101d._.js:10053
[  610765ms] [WARNING] [TamboProvider] Neither userKey nor userToken provided. API requests will be blocked until authentication is configured. @ http://localhost:3000/_next/static/chunks/node_modules_%40sentry_core_build_esm_0496101d._.js:10053
[  610772ms] [ERROR] Message: Module [project]/src/app/golf/actions/data:e533df [app-client] (ecmascript) <text/javascript> was instantiated because it was required from module [project]/src/app/golf/(dashboard)/dashboard/page.tsx [app-client] (ecmascript), but the module factory is not available. It might have been deleted in an HMR update. @ http://localhost:3000/_next/static/chunks/node_modules_%40sentry_core_build_esm_0496101d._.js:10053
[  610774ms] [ERROR] Stack: Error: Module [project]/src/app/golf/actions/data:e533df [app-client] (ecmascript) <text/javascript> was instantiated because it was required from module [project]/src/app/golf/(dashboard)/dashboard/page.tsx [app-client] (ecmascript), but the module factory is not available. It might have been deleted in an HMR update.
    at instantiateModule (http://localhost:3000/_next/static/chunks/turbopack-_e1ee2416._.js:846:15)
    at getOrInstantiateModuleFromParent (http://localhost:3000/_next/static/chunks/turbopack-_e1ee2416._.js:831:12)
    at DevContext.esmImport [as i] (http://localhost:3000/_next/static/chunks/turbopack-_e1ee2416._.js:239:20)
    at module evaluation (http://localhost:3000/_next/static/chunks/src_app_golf_(dashboard)_dashboard_4453c51b._.js:2101:198)
    at http://localhost:3000/_next/static/chunks/turbopack-_e1ee2416._.js:880:13
    at runModuleExecutionHooks (http://localhost:3000/_next/static/chunks/turbopack-_e1ee2416._.js:905:13)
    at instantiateModule (http://localhost:3000/_next/static/chunks/turbopack-_e1ee2416._.js:878:9)
    at getOrInstantiateModuleFromParent (http://localhost:3000/_next/static/chunks/turbopack-_e1ee2416._.js:831:12)
    at DevContext.commonJsRequire [as r] (http://localhost:3000/_next/static/chunks/turbopack-_e1ee2416._.js:260:12)
    at requireModule (http://localhost:3000/_next/static/chunks/node_modules_next_dist_compiled_react-server-dom-turbopack_9212ccad._.js:86:84)
    at initializeModuleChunk (http://localhost:3000/_next/static/chunks/node_modules_next_dist_compiled_react-server-dom-turbopack_9212ccad._.js:1079:25)
    at resolveModuleChunk (http://localhost:3000/_next/static/chunks/node_modules_next_dist_compiled_react-server-dom-turbopack_9212ccad._.js:1003:43)
    at http://localhost:3000/_next/static/chunks/node_modules_next_dist_compiled_react-server-dom-turbopack_9212ccad._.js:1723:24 @ http://localhost:3000/_next/static/chunks/node_modules_%40sentry_core_build_esm_0496101d._.js:10053
[  610799ms] [WARNING] [TamboProvider] Neither userKey nor userToken provided. API requests will be blocked until authentication is configured. @ http://localhost:3000/_next/static/chunks/node_modules_%40sentry_core_build_esm_0496101d._.js:10053
[  610801ms] [ERROR] Message: Module [project]/src/app/golf/actions/data:e533df [app-client] (ecmascript) <text/javascript> was instantiated because it was required from module [project]/src/app/golf/(dashboard)/dashboard/page.tsx [app-client] (ecmascript), but the module factory is not available. It might have been deleted in an HMR update. @ http://localhost:3000/_next/static/chunks/node_modules_%40sentry_core_build_esm_0496101d._.js:10053
[  610803ms] [ERROR] Stack: Error: Module [project]/src/app/golf/actions/data:e533df [app-client] (ecmascript) <text/javascript> was instantiated because it was required from module [project]/src/app/golf/(dashboard)/dashboard/page.tsx [app-client] (ecmascript), but the module factory is not available. It might have been deleted in an HMR update.
    at instantiateModule (http://localhost:3000/_next/static/chunks/turbopack-_e1ee2416._.js:846:15)
    at getOrInstantiateModuleFromParent (http://localhost:3000/_next/static/chunks/turbopack-_e1ee2416._.js:831:12)
    at DevContext.esmImport [as i] (http://localhost:3000/_next/static/chunks/turbopack-_e1ee2416._.js:239:20)
    at module evaluation (http://localhost:3000/_next/static/chunks/src_app_golf_(dashboard)_dashboard_4453c51b._.js:2101:198)
    at http://localhost:3000/_next/static/chunks/turbopack-_e1ee2416._.js:880:13
    at runModuleExecutionHooks (http://localhost:3000/_next/static/chunks/turbopack-_e1ee2416._.js:905:13)
    at instantiateModule (http://localhost:3000/_next/static/chunks/turbopack-_e1ee2416._.js:878:9)
    at getOrInstantiateModuleFromParent (http://localhost:3000/_next/static/chunks/turbopack-_e1ee2416._.js:831:12)
    at DevContext.commonJsRequire [as r] (http://localhost:3000/_next/static/chunks/turbopack-_e1ee2416._.js:260:12)
    at requireModule (http://localhost:3000/_next/static/chunks/node_modules_next_dist_compiled_react-server-dom-turbopack_9212ccad._.js:86:84)
    at initializeModuleChunk (http://localhost:3000/_next/static/chunks/node_modules_next_dist_compiled_react-server-dom-turbopack_9212ccad._.js:1079:25)
    at resolveModuleChunk (http://localhost:3000/_next/static/chunks/node_modules_next_dist_compiled_react-server-dom-turbopack_9212ccad._.js:1003:43)
    at http://localhost:3000/_next/static/chunks/node_modules_next_dist_compiled_react-server-dom-turbopack_9212ccad._.js:1723:24 @ http://localhost:3000/_next/static/chunks/node_modules_%40sentry_core_build_esm_0496101d._.js:10053
[  620624ms] [WARNING] Sentry Logger [warn]: [Replay]  Parsing text body from response timed out @ http://localhost:3000/_next/static/chunks/node_modules_%40sentry_core_build_esm_0496101d._.js:177
[  624725ms] [WARNING] Sentry Logger [warn]: [Replay]  Parsing text body from response timed out @ http://localhost:3000/_next/static/chunks/node_modules_%40sentry_core_build_esm_0496101d._.js:177
[  672137ms] [WARNING] Sentry Logger [warn]: [Replay]  Parsing text body from response timed out @ http://localhost:3000/_next/static/chunks/node_modules_%40sentry_core_build_esm_0496101d._.js:177
[  672453ms] [WARNING] Sentry Logger [warn]: [Replay]  Parsing text body from response timed out @ http://localhost:3000/_next/static/chunks/node_modules_%40sentry_core_build_esm_0496101d._.js:177
