[     125ms] [ERROR] Failed to load resource: the server responded with a status of 503 () @ https://fonts.googleapis.com/css2?family=Inter:wght@400;450;500;550;600;700&display=swap:0
[     186ms] Error: Module [project]/node_modules/next/dist/build/polyfills/process.js [app-client] (ecmascript) was instantiated because it was required from module [project]/instrumentation-client.ts [app-client] (ecmascript), but the module factory is not available. It might have been deleted in an HMR update.
    at instantiateModule (http://localhost:3000/_next/static/chunks/turbopack-_687145b8._.js:845:15)
    at getOrInstantiateModuleFromParent (http://localhost:3000/_next/static/chunks/turbopack-_687145b8._.js:830:12)
    at DevContext.esmImport [as i] (http://localhost:3000/_next/static/chunks/turbopack-_687145b8._.js:238:20)
    at module evaluation (http://localhost:3000/_next/static/chunks/instrumentation-client_ts_15a74a80._.js:7:204)
    at http://localhost:3000/_next/static/chunks/turbopack-_687145b8._.js:879:13
    at runModuleExecutionHooks (http://localhost:3000/_next/static/chunks/turbopack-_687145b8._.js:904:13)
    at instantiateModule (http://localhost:3000/_next/static/chunks/turbopack-_687145b8._.js:877:9)
    at getOrInstantiateModuleFromParent (http://localhost:3000/_next/static/chunks/turbopack-_687145b8._.js:830:12)
    at DevContext.commonJsRequire [as r] (http://localhost:3000/_next/static/chunks/turbopack-_687145b8._.js:259:12)
    at Object.module (http://localhost:3000/_next/static/chunks/a191e_next_dist_1685342e._.js:678:47)
[    4600ms] [ERROR] Failed to load resource: the server responded with a status of 503 () @ https://fonts.googleapis.com/css2?family=Inter:wght@400;450;500;550;600;700&display=swap:0
[    4625ms] Error: Module [project]/node_modules/next/dist/build/polyfills/process.js [app-client] (ecmascript) was instantiated because it was required from module [project]/instrumentation-client.ts [app-client] (ecmascript), but the module factory is not available. It might have been deleted in an HMR update.
    at instantiateModule (http://localhost:3000/_next/static/chunks/turbopack-_687145b8._.js:845:15)
    at getOrInstantiateModuleFromParent (http://localhost:3000/_next/static/chunks/turbopack-_687145b8._.js:830:12)
    at DevContext.esmImport [as i] (http://localhost:3000/_next/static/chunks/turbopack-_687145b8._.js:238:20)
    at module evaluation (http://localhost:3000/_next/static/chunks/instrumentation-client_ts_15a74a80._.js:7:204)
    at http://localhost:3000/_next/static/chunks/turbopack-_687145b8._.js:879:13
    at runModuleExecutionHooks (http://localhost:3000/_next/static/chunks/turbopack-_687145b8._.js:904:13)
    at instantiateModule (http://localhost:3000/_next/static/chunks/turbopack-_687145b8._.js:877:9)
    at getOrInstantiateModuleFromParent (http://localhost:3000/_next/static/chunks/turbopack-_687145b8._.js:830:12)
    at DevContext.commonJsRequire [as r] (http://localhost:3000/_next/static/chunks/turbopack-_687145b8._.js:259:12)
    at Object.module (http://localhost:3000/_next/static/chunks/a191e_next_dist_1685342e._.js:678:47)
[    6661ms] [ERROR] Loading the script 'https://va.vercel-scripts.com/v1/script.debug.js' violates the following Content Security Policy directive: "script-src 'self' 'unsafe-inline' 'unsafe-eval' https://cdn.jsdelivr.net https://cdnjs.cloudflare.com blob:". Note that 'script-src-elem' was not explicitly set, so 'script-src' is used as a fallback. The action has been blocked. @ http://localhost:3000/_next/static/chunks/node_modules__pnpm_354d995e._.js:8251
[   30596ms] [ERROR] Failed to load resource: the server responded with a status of 500 () @ https://qmnssrrolpinvwjjnufo.supabase.co/rest/v1/baseball_players?select=id%2Conboarding_completed%2Cplayer_type&user_id=eq.6ed7d177-174f-420d-9290-ae723fadb415:0
[   30665ms] [ERROR] Failed to load resource: the server responded with a status of 500 () @ https://qmnssrrolpinvwjjnufo.supabase.co/rest/v1/baseball_players?select=id%2Conboarding_completed%2Cplayer_type&user_id=eq.6ed7d177-174f-420d-9290-ae723fadb415:0
[   30727ms] [WARNING] Detected `scroll-behavior: smooth` on the `<html>` element. To disable smooth scrolling during route transitions, add `data-scroll-behavior="smooth"` to your <html> element. Learn more: https://nextjs.org/docs/messages/missing-data-scroll-behavior @ http://localhost:3000/_next/static/chunks/8e158_%40sentry_core_build_esm_d3b1b65e._.js:10087
[   30729ms] [WARNING] Image with src "http://localhost:3000/helm-baseball-logo.png" has either width or height modified, but not the other. If you use CSS to change the size of your image, also include the styles 'width: "auto"' or 'height: "auto"' to maintain the aspect ratio. @ http://localhost:3000/_next/static/chunks/8e158_%40sentry_core_build_esm_d3b1b65e._.js:10087
[   31371ms] [ERROR] Failed to load resource: the server responded with a status of 500 () @ https://qmnssrrolpinvwjjnufo.supabase.co/rest/v1/baseball_players?select=*&user_id=eq.6ed7d177-174f-420d-9290-ae723fadb415:0
[   31446ms] [ERROR] Failed to load resource: the server responded with a status of 500 () @ https://qmnssrrolpinvwjjnufo.supabase.co/rest/v1/baseball_players?select=*&user_id=eq.6ed7d177-174f-420d-9290-ae723fadb415:0
[   31591ms] [ERROR] Failed to load resource: the server responded with a status of 500 () @ https://qmnssrrolpinvwjjnufo.supabase.co/rest/v1/baseball_players?select=*&user_id=eq.6ed7d177-174f-420d-9290-ae723fadb415:0
[   31592ms] [ERROR] Failed to load resource: the server responded with a status of 500 () @ https://qmnssrrolpinvwjjnufo.supabase.co/rest/v1/baseball_players?select=*&user_id=eq.6ed7d177-174f-420d-9290-ae723fadb415:0
[   31659ms] [ERROR] Failed to load resource: the server responded with a status of 500 () @ https://qmnssrrolpinvwjjnufo.supabase.co/rest/v1/baseball_players?select=*&user_id=eq.6ed7d177-174f-420d-9290-ae723fadb415:0
[   31698ms] [ERROR] Failed to load resource: the server responded with a status of 500 () @ https://qmnssrrolpinvwjjnufo.supabase.co/rest/v1/baseball_players?select=*&user_id=eq.6ed7d177-174f-420d-9290-ae723fadb415:0
[   31831ms] [ERROR] Failed to load resource: the server responded with a status of 500 () @ https://qmnssrrolpinvwjjnufo.supabase.co/rest/v1/baseball_watchlists?select=id%2Ccoach_id%2Cplayer_id%2Cpipeline_stage%2Cnotes%2Cpriority%2Ctags%2Cadded_at%2Ccreated_at%2Cupdated_at%2Clast_contact%2Cplayer%3Abaseball_players%28id%2Cfirst_name%2Clast_name%2Cavatar_url%2Cprimary_position%2Csecondary_position%2Cgrad_year%2Ccity%2Cstate%2Chigh_school_name%2Cgpa%2Cheight_feet%2Cheight_inches%2Cweight_lbs%2Cpitch_velo%2Cexit_velo%2Csixty_time%2Crecruiting_activated%29&coach_id=eq.0917b446-e19e-4b25-9d42-3f358dec8e65&order=priority.desc:0
[   31862ms] [ERROR] Failed to load resource: the server responded with a status of 500 () @ https://qmnssrrolpinvwjjnufo.supabase.co/rest/v1/baseball_conversation_participants?select=conversation_id&user_id=eq.6ed7d177-174f-420d-9290-ae723fadb415:0
[   31863ms] [ERROR] Failed to load resource: the server responded with a status of 500 () @ https://qmnssrrolpinvwjjnufo.supabase.co/rest/v1/baseball_conversation_participants?select=conversation_id%2Clast_read_at&user_id=eq.6ed7d177-174f-420d-9290-ae723fadb415:0
[   31904ms] [ERROR] Failed to load resource: the server responded with a status of 500 () @ https://qmnssrrolpinvwjjnufo.supabase.co/rest/v1/baseball_watchlists?select=id%2Ccoach_id%2Cplayer_id%2Cpipeline_stage%2Cnotes%2Cpriority%2Ctags%2Cadded_at%2Ccreated_at%2Cupdated_at%2Clast_contact%2Cplayer%3Abaseball_players%28id%2Cfirst_name%2Clast_name%2Cavatar_url%2Cprimary_position%2Csecondary_position%2Cgrad_year%2Ccity%2Cstate%2Chigh_school_name%2Cgpa%2Cheight_feet%2Cheight_inches%2Cweight_lbs%2Cpitch_velo%2Cexit_velo%2Csixty_time%2Crecruiting_activated%29&coach_id=eq.0917b446-e19e-4b25-9d42-3f358dec8e65&order=priority.desc:0
[   31923ms] [ERROR] Failed to load resource: the server responded with a status of 500 () @ https://qmnssrrolpinvwjjnufo.supabase.co/rest/v1/baseball_conversation_participants?select=conversation_id&user_id=eq.6ed7d177-174f-420d-9290-ae723fadb415:0
[   31927ms] [ERROR] Failed to load resource: the server responded with a status of 500 () @ https://qmnssrrolpinvwjjnufo.supabase.co/rest/v1/baseball_conversation_participants?select=conversation_id%2Clast_read_at&user_id=eq.6ed7d177-174f-420d-9290-ae723fadb415:0
[   31933ms] [ERROR] Failed to load resource: the server responded with a status of 500 () @ https://qmnssrrolpinvwjjnufo.supabase.co/rest/v1/baseball_players?select=*&user_id=eq.6ed7d177-174f-420d-9290-ae723fadb415:0
[   31980ms] [ERROR] Failed to load resource: the server responded with a status of 500 () @ https://qmnssrrolpinvwjjnufo.supabase.co/rest/v1/baseball_watchlists?select=id%2Ccoach_id%2Cplayer_id%2Cpipeline_stage%2Cnotes%2Cpriority%2Ctags%2Cadded_at%2Ccreated_at%2Cupdated_at%2Clast_contact%2Cplayer%3Abaseball_players%28id%2Cfirst_name%2Clast_name%2Cavatar_url%2Cprimary_position%2Csecondary_position%2Cgrad_year%2Ccity%2Cstate%2Chigh_school_name%2Cgpa%2Cheight_feet%2Cheight_inches%2Cweight_lbs%2Cpitch_velo%2Cexit_velo%2Csixty_time%2Crecruiting_activated%29&coach_id=eq.0917b446-e19e-4b25-9d42-3f358dec8e65&order=priority.desc:0
[   31985ms] [ERROR] Failed to load resource: the server responded with a status of 500 () @ https://qmnssrrolpinvwjjnufo.supabase.co/rest/v1/baseball_conversation_participants?select=conversation_id&user_id=eq.6ed7d177-174f-420d-9290-ae723fadb415:0
[   31998ms] [ERROR] Failed to load resource: the server responded with a status of 500 () @ https://qmnssrrolpinvwjjnufo.supabase.co/rest/v1/baseball_players?select=*&user_id=eq.6ed7d177-174f-420d-9290-ae723fadb415:0
[   32007ms] [ERROR] Failed to load resource: the server responded with a status of 400 () @ https://qmnssrrolpinvwjjnufo.supabase.co/rest/v1/baseball_player_engagement_events?select=id&coach_id=eq.0917b446-e19e-4b25-9d42-3f358dec8e65&engagement_type=eq.profile_view&engagement_date=gte.2026-02-15T15%3A43%3A34.426Z:0
[   32008ms] [ERROR] Failed to load resource: the server responded with a status of 400 () @ https://qmnssrrolpinvwjjnufo.supabase.co/rest/v1/baseball_player_engagement_events?select=id&coach_id=eq.0917b446-e19e-4b25-9d42-3f358dec8e65&engagement_type=eq.profile_view&engagement_date=gte.2026-02-08T15%3A43%3A34.426Z&engagement_date=lt.2026-02-15T15%3A43%3A34.426Z:0
[   32008ms] [ERROR] Failed to load resource: the server responded with a status of 500 () @ https://qmnssrrolpinvwjjnufo.supabase.co/rest/v1/baseball_conversation_participants?select=conversation_id%2Clast_read_at&user_id=eq.6ed7d177-174f-420d-9290-ae723fadb415:0
[   32036ms] [ERROR] Failed to load resource: the server responded with a status of 400 () @ https://qmnssrrolpinvwjjnufo.supabase.co/rest/v1/baseball_player_engagement_events?select=id&coach_id=eq.0917b446-e19e-4b25-9d42-3f358dec8e65&engagement_type=eq.profile_view&engagement_date=gte.2026-02-08T15%3A43%3A34.281Z&engagement_date=lt.2026-02-15T15%3A43%3A34.281Z:0
[   32047ms] [ERROR] Failed to load resource: the server responded with a status of 400 () @ https://qmnssrrolpinvwjjnufo.supabase.co/rest/v1/baseball_player_engagement_events?select=id&coach_id=eq.0917b446-e19e-4b25-9d42-3f358dec8e65&engagement_type=eq.profile_view&engagement_date=gte.2026-02-15T15%3A43%3A34.281Z:0
[   32047ms] [ERROR] Failed to load resource: the server responded with a status of 500 () @ https://qmnssrrolpinvwjjnufo.supabase.co/rest/v1/baseball_conversation_participants?select=conversation_id&user_id=eq.6ed7d177-174f-420d-9290-ae723fadb415:0
[   32057ms] [ERROR] Failed to load resource: the server responded with a status of 500 () @ https://qmnssrrolpinvwjjnufo.supabase.co/rest/v1/baseball_watchlists?select=id%2Ccoach_id%2Cplayer_id%2Cpipeline_stage%2Cnotes%2Cpriority%2Ctags%2Cadded_at%2Ccreated_at%2Cupdated_at%2Clast_contact%2Cplayer%3Abaseball_players%28id%2Cfirst_name%2Clast_name%2Cavatar_url%2Cprimary_position%2Csecondary_position%2Cgrad_year%2Ccity%2Cstate%2Chigh_school_name%2Cgpa%2Cheight_feet%2Cheight_inches%2Cweight_lbs%2Cpitch_velo%2Cexit_velo%2Csixty_time%2Crecruiting_activated%29&coach_id=eq.0917b446-e19e-4b25-9d42-3f358dec8e65&order=priority.desc:0
[   32065ms] [ERROR] Failed to load resource: the server responded with a status of 500 () @ https://qmnssrrolpinvwjjnufo.supabase.co/rest/v1/baseball_conversation_participants?select=conversation_id%2Clast_read_at&user_id=eq.6ed7d177-174f-420d-9290-ae723fadb415:0
[   32074ms] [ERROR] Failed to load resource: the server responded with a status of 400 () @ https://qmnssrrolpinvwjjnufo.supabase.co/rest/v1/baseball_teams?select=id%2Cname%2Cteam_type%2Clogo_url%2Cprimary_color%2Csecondary_color%2Cdescription&head_coach_id=eq.0917b446-e19e-4b25-9d42-3f358dec8e65:0
[   32075ms] [WARNING] The width(-1) and height(-1) of chart should be greater than 0,
       please check the style of container, or the props width(100%) and height(100%),
       or add a minWidth(0) or minHeight(undefined) or use aspect(undefined) to control the
       height and width. @ http://localhost:3000/_next/static/chunks/8e158_%40sentry_core_build_esm_d3b1b65e._.js:10087
[   32075ms] [WARNING] The width(-1) and height(-1) of chart should be greater than 0,
       please check the style of container, or the props width(100%) and height(100%),
       or add a minWidth(0) or minHeight(undefined) or use aspect(undefined) to control the
       height and width. @ http://localhost:3000/_next/static/chunks/8e158_%40sentry_core_build_esm_d3b1b65e._.js:10087
[   32077ms] [ERROR] Error fetching head coach teams: column baseball_teams.head_coach_id does not exist @ http://localhost:3000/_next/static/chunks/8e158_%40sentry_core_build_esm_d3b1b65e._.js:10087
[   32083ms] [WARNING] The width(-1) and height(-1) of chart should be greater than 0,
       please check the style of container, or the props width(100%) and height(100%),
       or add a minWidth(0) or minHeight(undefined) or use aspect(undefined) to control the
       height and width. @ http://localhost:3000/_next/static/chunks/8e158_%40sentry_core_build_esm_d3b1b65e._.js:10087
[   32083ms] [WARNING] The width(-1) and height(-1) of chart should be greater than 0,
       please check the style of container, or the props width(100%) and height(100%),
       or add a minWidth(0) or minHeight(undefined) or use aspect(undefined) to control the
       height and width. @ http://localhost:3000/_next/static/chunks/8e158_%40sentry_core_build_esm_d3b1b65e._.js:10087
[   32097ms] [ERROR] Failed to load resource: the server responded with a status of 400 () @ https://qmnssrrolpinvwjjnufo.supabase.co/rest/v1/baseball_player_engagement_events?select=id&coach_id=eq.0917b446-e19e-4b25-9d42-3f358dec8e65&engagement_type=eq.profile_view&engagement_date=gte.2026-02-08T15%3A43%3A34.361Z&engagement_date=lt.2026-02-15T15%3A43%3A34.361Z:0
[   32100ms] [ERROR] Failed to load resource: the server responded with a status of 400 () @ https://qmnssrrolpinvwjjnufo.supabase.co/rest/v1/baseball_player_engagement_events?select=id&coach_id=eq.0917b446-e19e-4b25-9d42-3f358dec8e65&engagement_type=eq.profile_view&engagement_date=gte.2026-02-15T15%3A43%3A34.361Z:0
[   32105ms] [WARNING] The width(-1) and height(-1) of chart should be greater than 0,
       please check the style of container, or the props width(100%) and height(100%),
       or add a minWidth(0) or minHeight(undefined) or use aspect(undefined) to control the
       height and width. @ http://localhost:3000/_next/static/chunks/8e158_%40sentry_core_build_esm_d3b1b65e._.js:10087
[   32106ms] [WARNING] The width(-1) and height(-1) of chart should be greater than 0,
       please check the style of container, or the props width(100%) and height(100%),
       or add a minWidth(0) or minHeight(undefined) or use aspect(undefined) to control the
       height and width. @ http://localhost:3000/_next/static/chunks/8e158_%40sentry_core_build_esm_d3b1b65e._.js:10087
[   32113ms] [ERROR] Failed to load resource: the server responded with a status of 500 () @ https://qmnssrrolpinvwjjnufo.supabase.co/rest/v1/baseball_conversation_participants?select=conversation_id&user_id=eq.6ed7d177-174f-420d-9290-ae723fadb415:0
[   32118ms] [ERROR] Failed to load resource: the server responded with a status of 500 () @ https://qmnssrrolpinvwjjnufo.supabase.co/rest/v1/baseball_conversation_participants?select=conversation_id%2Clast_read_at&user_id=eq.6ed7d177-174f-420d-9290-ae723fadb415:0
[   32127ms] [ERROR] Failed to load resource: the server responded with a status of 500 () @ https://qmnssrrolpinvwjjnufo.supabase.co/rest/v1/baseball_watchlists?select=id%2Ccoach_id%2Cplayer_id%2Cpipeline_stage%2Cnotes%2Cpriority%2Ctags%2Cadded_at%2Ccreated_at%2Cupdated_at%2Clast_contact%2Cplayer%3Abaseball_players%28id%2Cfirst_name%2Clast_name%2Cavatar_url%2Cprimary_position%2Csecondary_position%2Cgrad_year%2Ccity%2Cstate%2Chigh_school_name%2Cgpa%2Cheight_feet%2Cheight_inches%2Cweight_lbs%2Cpitch_velo%2Cexit_velo%2Csixty_time%2Crecruiting_activated%29&coach_id=eq.0917b446-e19e-4b25-9d42-3f358dec8e65&order=priority.desc:0
[   32137ms] [ERROR] Failed to load resource: the server responded with a status of 400 () @ https://qmnssrrolpinvwjjnufo.supabase.co/rest/v1/baseball_teams?select=id%2Cname%2Cteam_type%2Clogo_url%2Cprimary_color%2Csecondary_color%2Cdescription&head_coach_id=eq.0917b446-e19e-4b25-9d42-3f358dec8e65:0
[   32137ms] [ERROR] Error fetching head coach teams: column baseball_teams.head_coach_id does not exist @ http://localhost:3000/_next/static/chunks/8e158_%40sentry_core_build_esm_d3b1b65e._.js:10087
[   32162ms] [ERROR] Failed to load resource: the server responded with a status of 500 () @ https://qmnssrrolpinvwjjnufo.supabase.co/rest/v1/baseball_conversation_participants?select=conversation_id&user_id=eq.6ed7d177-174f-420d-9290-ae723fadb415:0
[   32183ms] [ERROR] Failed to load resource: the server responded with a status of 400 () @ https://qmnssrrolpinvwjjnufo.supabase.co/rest/v1/baseball_player_engagement_events?select=id&coach_id=eq.0917b446-e19e-4b25-9d42-3f358dec8e65&engagement_type=eq.profile_view&engagement_date=gte.2026-02-15T15%3A43%3A34.389Z:0
[   32184ms] [ERROR] Failed to load resource: the server responded with a status of 500 () @ https://qmnssrrolpinvwjjnufo.supabase.co/rest/v1/baseball_conversation_participants?select=conversation_id%2Clast_read_at&user_id=eq.6ed7d177-174f-420d-9290-ae723fadb415:0
[   32188ms] [ERROR] Failed to load resource: the server responded with a status of 500 () @ https://qmnssrrolpinvwjjnufo.supabase.co/rest/v1/baseball_watchlists?select=id%2Ccoach_id%2Cplayer_id%2Cpipeline_stage%2Cnotes%2Cpriority%2Ctags%2Cadded_at%2Ccreated_at%2Cupdated_at%2Clast_contact%2Cplayer%3Abaseball_players%28id%2Cfirst_name%2Clast_name%2Cavatar_url%2Cprimary_position%2Csecondary_position%2Cgrad_year%2Ccity%2Cstate%2Chigh_school_name%2Cgpa%2Cheight_feet%2Cheight_inches%2Cweight_lbs%2Cpitch_velo%2Cexit_velo%2Csixty_time%2Crecruiting_activated%29&coach_id=eq.0917b446-e19e-4b25-9d42-3f358dec8e65&order=priority.desc:0
[   32197ms] [ERROR] Failed to load resource: the server responded with a status of 400 () @ https://qmnssrrolpinvwjjnufo.supabase.co/rest/v1/baseball_player_engagement_events?select=id&coach_id=eq.0917b446-e19e-4b25-9d42-3f358dec8e65&engagement_type=eq.profile_view&engagement_date=gte.2026-02-08T15%3A43%3A34.389Z&engagement_date=lt.2026-02-15T15%3A43%3A34.389Z:0
[   32271ms] [ERROR] Failed to load resource: the server responded with a status of 500 () @ https://qmnssrrolpinvwjjnufo.supabase.co/rest/v1/baseball_conversation_participants?select=conversation_id&user_id=eq.6ed7d177-174f-420d-9290-ae723fadb415:0
[   32272ms] [ERROR] Failed to load resource: the server responded with a status of 400 () @ https://qmnssrrolpinvwjjnufo.supabase.co/rest/v1/baseball_player_engagement_events?select=id&coach_id=eq.0917b446-e19e-4b25-9d42-3f358dec8e65&engagement_type=eq.profile_view&engagement_date=gte.2026-02-08T15%3A43%3A34.485Z&engagement_date=lt.2026-02-15T15%3A43%3A34.485Z:0
[   32272ms] [ERROR] Failed to load resource: the server responded with a status of 500 () @ https://qmnssrrolpinvwjjnufo.supabase.co/rest/v1/baseball_conversation_participants?select=conversation_id%2Clast_read_at&user_id=eq.6ed7d177-174f-420d-9290-ae723fadb415:0
[   32272ms] [ERROR] Failed to load resource: the server responded with a status of 500 () @ https://qmnssrrolpinvwjjnufo.supabase.co/rest/v1/baseball_watchlists?select=id%2Ccoach_id%2Cplayer_id%2Cpipeline_stage%2Cnotes%2Cpriority%2Ctags%2Cadded_at%2Ccreated_at%2Cupdated_at%2Clast_contact%2Cplayer%3Abaseball_players%28id%2Cfirst_name%2Clast_name%2Cavatar_url%2Cprimary_position%2Csecondary_position%2Cgrad_year%2Ccity%2Cstate%2Chigh_school_name%2Cgpa%2Cheight_feet%2Cheight_inches%2Cweight_lbs%2Cpitch_velo%2Cexit_velo%2Csixty_time%2Crecruiting_activated%29&coach_id=eq.0917b446-e19e-4b25-9d42-3f358dec8e65&order=priority.desc:0
[   32272ms] [ERROR] Failed to load resource: the server responded with a status of 400 () @ https://qmnssrrolpinvwjjnufo.supabase.co/rest/v1/baseball_player_engagement_events?select=id&coach_id=eq.0917b446-e19e-4b25-9d42-3f358dec8e65&engagement_type=eq.profile_view&engagement_date=gte.2026-02-15T15%3A43%3A34.485Z:0
[   32279ms] [ERROR] Failed to load resource: the server responded with a status of 500 () @ https://qmnssrrolpinvwjjnufo.supabase.co/rest/v1/baseball_conversation_participants?select=conversation_id&user_id=eq.6ed7d177-174f-420d-9290-ae723fadb415:0
[   32411ms] [ERROR] Failed to load resource: the server responded with a status of 400 () @ https://qmnssrrolpinvwjjnufo.supabase.co/rest/v1/baseball_player_engagement_events?select=id&coach_id=eq.0917b446-e19e-4b25-9d42-3f358dec8e65&engagement_type=eq.profile_view&engagement_date=gte.2026-02-15T15%3A43%3A34.520Z:0
[   32412ms] [ERROR] Failed to load resource: the server responded with a status of 400 () @ https://qmnssrrolpinvwjjnufo.supabase.co/rest/v1/baseball_player_engagement_events?select=id&coach_id=eq.0917b446-e19e-4b25-9d42-3f358dec8e65&engagement_type=eq.profile_view&engagement_date=gte.2026-02-08T15%3A43%3A34.520Z&engagement_date=lt.2026-02-15T15%3A43%3A34.520Z:0
[   32412ms] [ERROR] Failed to load resource: the server responded with a status of 500 () @ https://qmnssrrolpinvwjjnufo.supabase.co/rest/v1/baseball_conversation_participants?select=conversation_id%2Clast_read_at&user_id=eq.6ed7d177-174f-420d-9290-ae723fadb415:0
[   32412ms] [ERROR] Failed to load resource: the server responded with a status of 500 () @ https://qmnssrrolpinvwjjnufo.supabase.co/rest/v1/baseball_watchlists?select=id%2Ccoach_id%2Cplayer_id%2Cpipeline_stage%2Cnotes%2Cpriority%2Ctags%2Cadded_at%2Ccreated_at%2Cupdated_at%2Clast_contact%2Cplayer%3Abaseball_players%28id%2Cfirst_name%2Clast_name%2Cavatar_url%2Cprimary_position%2Csecondary_position%2Cgrad_year%2Ccity%2Cstate%2Chigh_school_name%2Cgpa%2Cheight_feet%2Cheight_inches%2Cweight_lbs%2Cpitch_velo%2Cexit_velo%2Csixty_time%2Crecruiting_activated%29&coach_id=eq.0917b446-e19e-4b25-9d42-3f358dec8e65&order=priority.desc:0
[   32412ms] [ERROR] Failed to load resource: the server responded with a status of 500 () @ https://qmnssrrolpinvwjjnufo.supabase.co/rest/v1/baseball_conversation_participants?select=conversation_id%2Clast_read_at&user_id=eq.6ed7d177-174f-420d-9290-ae723fadb415:0
[   32413ms] [ERROR] Failed to load resource: the server responded with a status of 500 () @ https://qmnssrrolpinvwjjnufo.supabase.co/rest/v1/baseball_conversation_participants?select=conversation_id%2Clast_read_at&user_id=eq.6ed7d177-174f-420d-9290-ae723fadb415:0
[   32481ms] [ERROR] Failed to load resource: the server responded with a status of 500 () @ https://qmnssrrolpinvwjjnufo.supabase.co/rest/v1/baseball_conversation_participants?select=conversation_id%2Clast_read_at&user_id=eq.6ed7d177-174f-420d-9290-ae723fadb415:0
[   32534ms] [ERROR] Failed to load resource: the server responded with a status of 400 () @ https://qmnssrrolpinvwjjnufo.supabase.co/rest/v1/baseball_player_engagement_events?select=id&coach_id=eq.0917b446-e19e-4b25-9d42-3f358dec8e65&engagement_type=eq.profile_view&engagement_date=gte.2026-02-15T15%3A43%3A34.680Z:0
[   32543ms] [ERROR] Failed to load resource: the server responded with a status of 500 () @ https://qmnssrrolpinvwjjnufo.supabase.co/rest/v1/baseball_conversation_participants?select=conversation_id%2Clast_read_at&user_id=eq.6ed7d177-174f-420d-9290-ae723fadb415:0
[   32556ms] [ERROR] Failed to load resource: the server responded with a status of 400 () @ https://qmnssrrolpinvwjjnufo.supabase.co/rest/v1/baseball_player_engagement_events?select=id&coach_id=eq.0917b446-e19e-4b25-9d42-3f358dec8e65&engagement_type=eq.profile_view&engagement_date=gte.2026-02-08T15%3A43%3A34.680Z&engagement_date=lt.2026-02-15T15%3A43%3A34.680Z:0
[   32621ms] [ERROR] Failed to load resource: the server responded with a status of 400 () @ https://qmnssrrolpinvwjjnufo.supabase.co/rest/v1/baseball_player_engagement_events?select=id&coach_id=eq.0917b446-e19e-4b25-9d42-3f358dec8e65&engagement_type=eq.profile_view&engagement_date=gte.2026-02-15T15%3A43%3A34.744Z:0
[   32622ms] [ERROR] Failed to load resource: the server responded with a status of 500 () @ https://qmnssrrolpinvwjjnufo.supabase.co/rest/v1/baseball_conversation_participants?select=conversation_id%2Clast_read_at&user_id=eq.6ed7d177-174f-420d-9290-ae723fadb415:0
[   32623ms] [ERROR] Failed to load resource: the server responded with a status of 400 () @ https://qmnssrrolpinvwjjnufo.supabase.co/rest/v1/baseball_player_engagement_events?select=id&coach_id=eq.0917b446-e19e-4b25-9d42-3f358dec8e65&engagement_type=eq.profile_view&engagement_date=gte.2026-02-08T15%3A43%3A34.744Z&engagement_date=lt.2026-02-15T15%3A43%3A34.744Z:0
[   32688ms] [ERROR] Failed to load resource: the server responded with a status of 500 () @ https://qmnssrrolpinvwjjnufo.supabase.co/rest/v1/baseball_conversation_participants?select=conversation_id%2Clast_read_at&user_id=eq.6ed7d177-174f-420d-9290-ae723fadb415:0
[   32739ms] [ERROR] Failed to load resource: the server responded with a status of 500 () @ https://qmnssrrolpinvwjjnufo.supabase.co/rest/v1/baseball_conversation_participants?select=conversation_id%2Clast_read_at&user_id=eq.6ed7d177-174f-420d-9290-ae723fadb415:0
[   32797ms] [ERROR] Failed to load resource: the server responded with a status of 500 () @ https://qmnssrrolpinvwjjnufo.supabase.co/rest/v1/baseball_conversation_participants?select=conversation_id%2Clast_read_at&user_id=eq.6ed7d177-174f-420d-9290-ae723fadb415:0
