[     143ms] [ERROR] Failed to load resource: the server responded with a status of 503 () @ https://fonts.googleapis.com/css2?family=Inter:wght@400;450;500;550;600;700&display=swap:0
[     283ms] [WARNING] %c%s%c ⚠ Unsupported metadata viewport is configured in metadata export in /golf/dashboard. Please move it to viewport export instead.
Read more: https://nextjs.org/docs/app/api-reference/functions/generate-viewport background: #e6e6e6;background: light-dark(rgba(0,0,0,0.1), rgba(255,255,255,0.25));color: #000000;color: light-dark(#000000, #ffffff);border-radius: 2px  Server   @ http://localhost:3000/_next/static/chunks/node_modules_next_dist_f3530cac._.js:2298
[     794ms] [WARNING] [TamboProvider] Neither userKey nor userToken provided. API requests will be blocked until authentication is configured. @ http://localhost:3000/_next/static/chunks/node_modules_next_dist_f3530cac._.js:2298
[     867ms] Error: Switched to client rendering because the server rendering errored:

Module [project]/src/app/golf/(dashboard)/dashboard/page.tsx [app-ssr] (ecmascript) was instantiated because it was required from module [project]/node_modules/next/dist/esm/build/templates/app-page.js?page=/golf/(dashboard)/dashboard/roster/page { GLOBAL_ERROR_MODULE => "[project]/src/app/global-error.tsx [app-rsc] (ecmascript, Next.js Server Component)", MODULE_0 => "[project]/src/app/layout.tsx [app-rsc] (ecmascript, Next.js Server Component)", MODULE_1 => "[project]/src/app/error.tsx [app-rsc] (ecmascript, Next.js Server Component)", MODULE_2 => "[project]/src/app/not-found.tsx [app-rsc] (ecmascript, Next.js Server Component)", MODULE_3 => "[project]/node_modules/next/dist/client/components/builtin/forbidden.js [app-rsc] (ecmascript, Next.js Server Component)", MODULE_4 => "[project]/node_modules/next/dist/client/components/builtin/unauthorized.js [app-rsc] (ecmascript, Next.js Server Component)", MODULE_5 => "[project]/src/app/global-error.tsx [app-rsc] (ecmascript, Next.js Server Component)", MODULE_6 => "[project]/src/app/golf/(dashboard)/layout.tsx [app-rsc] (ecmascript, Next.js Server Component)", MODULE_7 => "[project]/src/app/golf/(dashboard)/error.tsx [app-rsc] (ecmascript, Next.js Server Component)", MODULE_8 => "[project]/src/app/golf/(dashboard)/loading.tsx [app-rsc] (ecmascript, Next.js Server Component)", MODULE_9 => "[project]/src/app/golf/(dashboard)/dashboard/error.tsx [app-rsc] (ecmascript, Next.js Server Component)", MODULE_10 => "[project]/src/app/golf/(dashboard)/dashboard/loading.tsx [app-rsc] (ecmascript, Next.js Server Component)", MODULE_11 => "[project]/src/app/golf/(dashboard)/dashboard/roster/error.tsx [app-rsc] (ecmascript, Next.js Server Component)", MODULE_12 => "[project]/src/app/golf/(dashboard)/dashboard/roster/loading.tsx [app-rsc] (ecmascript, Next.js Server Component)", MODULE_13 => "[project]/src/app/golf/(dashboard)/dashboard/roster/page.tsx [app-rsc] (ecmascript, Next.js Server Component)" } [app-rsc] (ecmascript) <locals>, but the module factory is not available.
    at instantiateModule (/Users/ricknini/Downloads/helmv3/.next/dev/server/chunks/ssr/[turbopack]_runtime.js:732:15)
    at getOrInstantiateModuleFromParent (/Users/ricknini/Downloads/helmv3/.next/dev/server/chunks/ssr/[turbopack]_runtime.js:763:12)
    at Context.commonJsRequire [as r] (/Users/ricknini/Downloads/helmv3/.next/dev/server/chunks/ssr/[turbopack]_runtime.js:249:12)
    at Object.require (/Users/ricknini/Downloads/helmv3/node_modules/next/dist/compiled/next-server/app-page-turbo.runtime.dev.js:41:35356)
    at globalThis.__next_require__ (/Users/ricknini/Downloads/helmv3/node_modules/next/dist/compiled/next-server/app-page-turbo.runtime.dev.js:41:36155)
    at requireModule (/Users/ricknini/Downloads/helmv3/node_modules/next/dist/compiled/next-server/app-page-turbo.runtime.dev.js:2:337234)
    at initializeModuleChunk (/Users/ricknini/Downloads/helmv3/node_modules/next/dist/compiled/next-server/app-page-turbo.runtime.dev.js:2:376961)
    at getOutlinedModel (/Users/ricknini/Downloads/helmv3/node_modules/next/dist/compiled/next-server/app-page-turbo.runtime.dev.js:2:388667)
    at /Users/ricknini/Downloads/helmv3/node_modules/next/dist/compiled/next-server/app-page-turbo.runtime.dev.js:2:397359
    at ResponseInstance._fromJSON (/Users/ricknini/Downloads/helmv3/node_modules/next/dist/compiled/next-server/app-page-turbo.runtime.dev.js:2:397450)
    at JSON.parse (<anonymous>)
    at initializeModelChunk (/Users/ricknini/Downloads/helmv3/node_modules/next/dist/compiled/next-server/app-page-turbo.runtime.dev.js:2:376114)
    at readChunk (/Users/ricknini/Downloads/helmv3/node_modules/next/dist/compiled/next-server/app-page-turbo.runtime.dev.js:2:369145)
    at Object.react_stack_bottom_frame (/Users/ricknini/Downloads/helmv3/node_modules/next/dist/compiled/next-server/app-page-turbo.runtime.dev.js:2:308602)
    at retryNode (/Users/ricknini/Downloads/helmv3/node_modules/next/dist/compiled/next-server/app-page-turbo.runtime.dev.js:2:201547)
    at renderNodeDestructive (/Users/ricknini/Downloads/helmv3/node_modules/next/dist/compiled/next-server/app-page-turbo.runtime.dev.js:2:200452)
    at renderElement (/Users/ricknini/Downloads/helmv3/node_modules/next/dist/compiled/next-server/app-page-turbo.runtime.dev.js:2:192636)
    at retryNode (/Users/ricknini/Downloads/helmv3/node_modules/next/dist/compiled/next-server/app-page-turbo.runtime.dev.js:2:201217)
    at renderNodeDestructive (/Users/ricknini/Downloads/helmv3/node_modules/next/dist/compiled/next-server/app-page-turbo.runtime.dev.js:2:200452)
    at finishFunctionComponent (/Users/ricknini/Downloads/helmv3/node_modules/next/dist/compiled/next-server/app-page-turbo.runtime.dev.js:2:118647)
    at renderElement (/Users/ricknini/Downloads/helmv3/node_modules/next/dist/compiled/next-server/app-page-turbo.runtime.dev.js:2:133818)
    at retryNode (/Users/ricknini/Downloads/helmv3/node_modules/next/dist/compiled/next-server/app-page-turbo.runtime.dev.js:2:201217)
    at renderNodeDestructive (/Users/ricknini/Downloads/helmv3/node_modules/next/dist/compiled/next-server/app-page-turbo.runtime.dev.js:2:200452)
    at renderNode (/Users/ricknini/Downloads/helmv3/node_modules/next/dist/compiled/next-server/app-page-turbo.runtime.dev.js:2:212370)
    at renderChildrenArray (/Users/ricknini/Downloads/helmv3/node_modules/next/dist/compiled/next-server/app-page-turbo.runtime.dev.js:2:206931)
    at retryNode (/Users/ricknini/Downloads/helmv3/node_modules/next/dist/compiled/next-server/app-page-turbo.runtime.dev.js:2:201694)
    at renderNodeDestructive (/Users/ricknini/Downloads/helmv3/node_modules/next/dist/compiled/next-server/app-page-turbo.runtime.dev.js:2:200452)
    at renderElement (/Users/ricknini/Downloads/helmv3/node_modules/next/dist/compiled/next-server/app-page-turbo.runtime.dev.js:2:131760)
    at retryNode (/Users/ricknini/Downloads/helmv3/node_modules/next/dist/compiled/next-server/app-page-turbo.runtime.dev.js:2:201217)
    at renderNodeDestructive (/Users/ricknini/Downloads/helmv3/node_modules/next/dist/compiled/next-server/app-page-turbo.runtime.dev.js:2:200452)
    at finishFunctionComponent (/Users/ricknini/Downloads/helmv3/node_modules/next/dist/compiled/next-server/app-page-turbo.runtime.dev.js:2:118647)
    at renderElement (/Users/ricknini/Downloads/helmv3/node_modules/next/dist/compiled/next-server/app-page-turbo.runtime.dev.js:2:133818)
    at retryNode (/Users/ricknini/Downloads/helmv3/node_modules/next/dist/compiled/next-server/app-page-turbo.runtime.dev.js:2:201217)
    at renderNodeDestructive (/Users/ricknini/Downloads/helmv3/node_modules/next/dist/compiled/next-server/app-page-turbo.runtime.dev.js:2:200452)
    at renderElement (/Users/ricknini/Downloads/helmv3/node_modules/next/dist/compiled/next-server/app-page-turbo.runtime.dev.js:2:181971)
    at retryNode (/Users/ricknini/Downloads/helmv3/node_modules/next/dist/compiled/next-server/app-page-turbo.runtime.dev.js:2:201217)
    at renderNodeDestructive (/Users/ricknini/Downloads/helmv3/node_modules/next/dist/compiled/next-server/app-page-turbo.runtime.dev.js:2:200452)
    at finishFunctionComponent (/Users/ricknini/Downloads/helmv3/node_modules/next/dist/compiled/next-server/app-page-turbo.runtime.dev.js:2:118647)
    at renderElement (/Users/ricknini/Downloads/helmv3/node_modules/next/dist/compiled/next-server/app-page-turbo.runtime.dev.js:2:133818)
    at retryNode (/Users/ricknini/Downloads/helmv3/node_modules/next/dist/compiled/next-server/app-page-turbo.runtime.dev.js:2:201217)
    at renderNodeDestructive (/Users/ricknini/Downloads/helmv3/node_modules/next/dist/compiled/next-server/app-page-turbo.runtime.dev.js:2:200452)
    at renderNode (/Users/ricknini/Downloads/helmv3/node_modules/next/dist/compiled/next-server/app-page-turbo.runtime.dev.js:2:212370)
    at renderElement (/Users/ricknini/Downloads/helmv3/node_modules/next/dist/compiled/next-server/app-page-turbo.runtime.dev.js:2:189428)
    at retryNode (/Users/ricknini/Downloads/helmv3/node_modules/next/dist/compiled/next-server/app-page-turbo.runtime.dev.js:2:201217)
    at renderNodeDestructive (/Users/ricknini/Downloads/helmv3/node_modules/next/dist/compiled/next-server/app-page-turbo.runtime.dev.js:2:200452)
    at finishFunctionComponent (/Users/ricknini/Downloads/helmv3/node_modules/next/dist/compiled/next-server/app-page-turbo.runtime.dev.js:2:118647)
    at renderElement (/Users/ricknini/Downloads/helmv3/node_modules/next/dist/compiled/next-server/app-page-turbo.runtime.dev.js:2:133818)
    at retryNode (/Users/ricknini/Downloads/helmv3/node_modules/next/dist/compiled/next-server/app-page-turbo.runtime.dev.js:2:201217)
    at renderNodeDestructive (/Users/ricknini/Downloads/helmv3/node_modules/next/dist/compiled/next-server/app-page-turbo.runtime.dev.js:2:200452)
    at renderElement (/Users/ricknini/Downloads/helmv3/node_modules/next/dist/compiled/next-server/app-page-turbo.runtime.dev.js:2:131760)
[     932ms] [ERROR] Loading the script 'https://va.vercel-scripts.com/v1/script.debug.js' violates the following Content Security Policy directive: "script-src 'self' 'unsafe-inline' 'unsafe-eval' https://cdn.jsdelivr.net https://cdnjs.cloudflare.com blob:". Note that 'script-src-elem' was not explicitly set, so 'script-src' is used as a fallback. The action has been blocked. @ http://localhost:3000/_next/static/chunks/node_modules_8bdb3fa5._.js:4273
[    1382ms] [ERROR] Failed to load resource: the server responded with a status of 406 () @ https://qmnssrrolpinvwjjnufo.supabase.co/rest/v1/golf_players?select=handicap&id=eq.49ffe06d-9b22-4f2f-8c69-f56badbbde6b:0
[    1563ms] [ERROR] %o

%s Error: You have rendered a `motion` component within a `LazyMotion` component. This will break tree shaking. Import and render a `m` component instead.. For more information and steps for solving, visit https://motion.dev/troubleshooting/lazy-strict-mode
    at invariant (http://localhost:3000/_next/static/chunks/node_modules_9befdbf3._.js:11696:19)
    at useStrictMode (http://localhost:3000/_next/static/chunks/node_modules_framer-motion_dist_es_3d06417d._.js:2875:428)
    at MotionDOMComponent (http://localhost:3000/_next/static/chunks/node_modules_framer-motion_dist_es_3d06417d._.js:2835:13)
    at Object.react_stack_bottom_frame (http://localhost:3000/_next/static/chunks/node_modules_next_dist_compiled_react-dom_1e674e59._.js:14827:24)
    at renderWithHooks (http://localhost:3000/_next/static/chunks/node_modules_next_dist_compiled_react-dom_1e674e59._.js:4652:24)
    at updateForwardRef (http://localhost:3000/_next/static/chunks/node_modules_next_dist_compiled_react-dom_1e674e59._.js:5940:21)
    at beginWork (http://localhost:3000/_next/static/chunks/node_modules_next_dist_compiled_react-dom_1e674e59._.js:6784:24)
    at runWithFiberInDEV (http://localhost:3000/_next/static/chunks/node_modules_next_dist_compiled_react-dom_1e674e59._.js:966:74)
    at performUnitOfWork (http://localhost:3000/_next/static/chunks/node_modules_next_dist_compiled_react-dom_1e674e59._.js:9563:97)
    at workLoopSync (http://localhost:3000/_next/static/chunks/node_modules_next_dist_compiled_react-dom_1e674e59._.js:9457:40)
    at renderRootSync (http://localhost:3000/_next/static/chunks/node_modules_next_dist_compiled_react-dom_1e674e59._.js:9441:13)
    at performWorkOnRoot (http://localhost:3000/_next/static/chunks/node_modules_next_dist_compiled_react-dom_1e674e59._.js:9069:186)
    at performSyncWorkOnRoot (http://localhost:3000/_next/static/chunks/node_modules_next_dist_compiled_react-dom_1e674e59._.js:10239:9)
    at flushSyncWorkAcrossRoots_impl (http://localhost:3000/_next/static/chunks/node_modules_next_dist_compiled_react-dom_1e674e59._.js:10155:316)
    at processRootScheduleInMicrotask (http://localhost:3000/_next/static/chunks/node_modules_next_dist_compiled_react-dom_1e674e59._.js:10176:106)
    at http://localhost:3000/_next/static/chunks/node_modules_next_dist_compiled_react-dom_1e674e59._.js:10250:158 The above error occurred in the <MotionDOMComponent> component. It was handled by the <ErrorBoundaryHandler> error boundary. @ http://localhost:3000/_next/static/chunks/node_modules_next_dist_client_17643121._.js:1343
[    1570ms] [ERROR] Message: You have rendered a `motion` component within a `LazyMotion` component. This will break tree shaking. Import and render a `m` component instead.. For more information and steps for solving, visit https://motion.dev/troubleshooting/lazy-strict-mode @ http://localhost:3000/_next/static/chunks/node_modules_next_dist_f3530cac._.js:3128
[    1571ms] [ERROR] Stack: Error: You have rendered a `motion` component within a `LazyMotion` component. This will break tree shaking. Import and render a `m` component instead.. For more information and steps for solving, visit https://motion.dev/troubleshooting/lazy-strict-mode
    at invariant (http://localhost:3000/_next/static/chunks/node_modules_9befdbf3._.js:11696:19)
    at useStrictMode (http://localhost:3000/_next/static/chunks/node_modules_framer-motion_dist_es_3d06417d._.js:2875:428)
    at MotionDOMComponent (http://localhost:3000/_next/static/chunks/node_modules_framer-motion_dist_es_3d06417d._.js:2835:13)
    at Object.react_stack_bottom_frame (http://localhost:3000/_next/static/chunks/node_modules_next_dist_compiled_react-dom_1e674e59._.js:14827:24)
    at renderWithHooks (http://localhost:3000/_next/static/chunks/node_modules_next_dist_compiled_react-dom_1e674e59._.js:4652:24)
    at updateForwardRef (http://localhost:3000/_next/static/chunks/node_modules_next_dist_compiled_react-dom_1e674e59._.js:5940:21)
    at beginWork (http://localhost:3000/_next/static/chunks/node_modules_next_dist_compiled_react-dom_1e674e59._.js:6784:24)
    at runWithFiberInDEV (http://localhost:3000/_next/static/chunks/node_modules_next_dist_compiled_react-dom_1e674e59._.js:966:74)
    at performUnitOfWork (http://localhost:3000/_next/static/chunks/node_modules_next_dist_compiled_react-dom_1e674e59._.js:9563:97)
    at workLoopSync (http://localhost:3000/_next/static/chunks/node_modules_next_dist_compiled_react-dom_1e674e59._.js:9457:40)
    at renderRootSync (http://localhost:3000/_next/static/chunks/node_modules_next_dist_compiled_react-dom_1e674e59._.js:9441:13)
    at performWorkOnRoot (http://localhost:3000/_next/static/chunks/node_modules_next_dist_compiled_react-dom_1e674e59._.js:9069:186)
    at performSyncWorkOnRoot (http://localhost:3000/_next/static/chunks/node_modules_next_dist_compiled_react-dom_1e674e59._.js:10239:9)
    at flushSyncWorkAcrossRoots_impl (http://localhost:3000/_next/static/chunks/node_modules_next_dist_compiled_react-dom_1e674e59._.js:10155:316)
    at processRootScheduleInMicrotask (http://localhost:3000/_next/static/chunks/node_modules_next_dist_compiled_react-dom_1e674e59._.js:10176:106)
    at http://localhost:3000/_next/static/chunks/node_modules_next_dist_compiled_react-dom_1e674e59._.js:10250:158 @ http://localhost:3000/_next/static/chunks/node_modules_next_dist_f3530cac._.js:3128
[    1583ms] [ERROR] Message: You have rendered a `motion` component within a `LazyMotion` component. This will break tree shaking. Import and render a `m` component instead.. For more information and steps for solving, visit https://motion.dev/troubleshooting/lazy-strict-mode @ http://localhost:3000/_next/static/chunks/node_modules_next_dist_f3530cac._.js:3128
[    1584ms] [ERROR] Stack: Error: You have rendered a `motion` component within a `LazyMotion` component. This will break tree shaking. Import and render a `m` component instead.. For more information and steps for solving, visit https://motion.dev/troubleshooting/lazy-strict-mode
    at invariant (http://localhost:3000/_next/static/chunks/node_modules_9befdbf3._.js:11696:19)
    at useStrictMode (http://localhost:3000/_next/static/chunks/node_modules_framer-motion_dist_es_3d06417d._.js:2875:428)
    at MotionDOMComponent (http://localhost:3000/_next/static/chunks/node_modules_framer-motion_dist_es_3d06417d._.js:2835:13)
    at Object.react_stack_bottom_frame (http://localhost:3000/_next/static/chunks/node_modules_next_dist_compiled_react-dom_1e674e59._.js:14827:24)
    at renderWithHooks (http://localhost:3000/_next/static/chunks/node_modules_next_dist_compiled_react-dom_1e674e59._.js:4652:24)
    at updateForwardRef (http://localhost:3000/_next/static/chunks/node_modules_next_dist_compiled_react-dom_1e674e59._.js:5940:21)
    at beginWork (http://localhost:3000/_next/static/chunks/node_modules_next_dist_compiled_react-dom_1e674e59._.js:6784:24)
    at runWithFiberInDEV (http://localhost:3000/_next/static/chunks/node_modules_next_dist_compiled_react-dom_1e674e59._.js:966:74)
    at performUnitOfWork (http://localhost:3000/_next/static/chunks/node_modules_next_dist_compiled_react-dom_1e674e59._.js:9563:97)
    at workLoopSync (http://localhost:3000/_next/static/chunks/node_modules_next_dist_compiled_react-dom_1e674e59._.js:9457:40)
    at renderRootSync (http://localhost:3000/_next/static/chunks/node_modules_next_dist_compiled_react-dom_1e674e59._.js:9441:13)
    at performWorkOnRoot (http://localhost:3000/_next/static/chunks/node_modules_next_dist_compiled_react-dom_1e674e59._.js:9069:186)
    at performSyncWorkOnRoot (http://localhost:3000/_next/static/chunks/node_modules_next_dist_compiled_react-dom_1e674e59._.js:10239:9)
    at flushSyncWorkAcrossRoots_impl (http://localhost:3000/_next/static/chunks/node_modules_next_dist_compiled_react-dom_1e674e59._.js:10155:316)
    at processRootScheduleInMicrotask (http://localhost:3000/_next/static/chunks/node_modules_next_dist_compiled_react-dom_1e674e59._.js:10176:106)
    at http://localhost:3000/_next/static/chunks/node_modules_next_dist_compiled_react-dom_1e674e59._.js:10250:158 @ http://localhost:3000/_next/static/chunks/node_modules_next_dist_f3530cac._.js:3128
[    3780ms] [ERROR] Failed to load resource: the server responded with a status of 404 (Not Found) @ http://localhost:3000/golf/dashboard:0
