[     198ms] [ERROR] Failed to load resource: the server responded with a status of 503 () @ https://fonts.googleapis.com/css2?family=Inter:wght@400;450;500;550;600;700&display=swap:0
[     224ms] [WARNING] %c%s%c ⚠ Unsupported metadata viewport is configured in metadata export in /golf/dashboard. Please move it to viewport export instead.
Read more: https://nextjs.org/docs/app/api-reference/functions/generate-viewport background: #e6e6e6;background: light-dark(rgba(0,0,0,0.1), rgba(255,255,255,0.25));color: #000000;color: light-dark(#000000, #ffffff);border-radius: 2px  Server   @ http://localhost:3000/_next/static/chunks/node_modules_next_dist_f3530cac._.js:2298
[     358ms] [WARNING] [TamboProvider] Neither userKey nor userToken provided. API requests will be blocked until authentication is configured. @ http://localhost:3000/_next/static/chunks/node_modules_next_dist_f3530cac._.js:2298
[     391ms] [ERROR] Loading the script 'https://va.vercel-scripts.com/v1/script.debug.js' violates the following Content Security Policy directive: "script-src 'self' 'unsafe-inline' 'unsafe-eval' https://cdn.jsdelivr.net https://cdnjs.cloudflare.com blob:". Note that 'script-src-elem' was not explicitly set, so 'script-src' is used as a fallback. The action has been blocked. @ http://localhost:3000/_next/static/chunks/node_modules_8bdb3fa5._.js:4273
[     891ms] [ERROR] %o

%s Error: You have rendered a `motion` component within a `LazyMotion` component. This will break tree shaking. Import and render a `m` component instead.. For more information and steps for solving, visit https://motion.dev/troubleshooting/lazy-strict-mode
    at invariant (http://localhost:3000/_next/static/chunks/node_modules_9befdbf3._.js:11696:19)
    at useStrictMode (http://localhost:3000/_next/static/chunks/node_modules_framer-motion_dist_es_3d06417d._.js:2875:428)
    at MotionDOMComponent (http://localhost:3000/_next/static/chunks/node_modules_framer-motion_dist_es_3d06417d._.js:2835:13)
    at Object.react_stack_bottom_frame (http://localhost:3000/_next/static/chunks/node_modules_next_dist_compiled_react-dom_1e674e59._.js:14827:24)
    at renderWithHooks (http://localhost:3000/_next/static/chunks/node_modules_next_dist_compiled_react-dom_1e674e59._.js:4652:24)
    at updateForwardRef (http://localhost:3000/_next/static/chunks/node_modules_next_dist_compiled_react-dom_1e674e59._.js:5940:21)
    at beginWork (http://localhost:3000/_next/static/chunks/node_modules_next_dist_compiled_react-dom_1e674e59._.js:6784:24)
    at runWithFiberInDEV (http://localhost:3000/_next/static/chunks/node_modules_next_dist_compiled_react-dom_1e674e59._.js:966:74)
    at performUnitOfWork (http://localhost:3000/_next/static/chunks/node_modules_next_dist_compiled_react-dom_1e674e59._.js:9563:97)
    at workLoopSync (http://localhost:3000/_next/static/chunks/node_modules_next_dist_compiled_react-dom_1e674e59._.js:9457:40)
    at renderRootSync (http://localhost:3000/_next/static/chunks/node_modules_next_dist_compiled_react-dom_1e674e59._.js:9441:13)
    at performWorkOnRoot (http://localhost:3000/_next/static/chunks/node_modules_next_dist_compiled_react-dom_1e674e59._.js:9069:186)
    at performSyncWorkOnRoot (http://localhost:3000/_next/static/chunks/node_modules_next_dist_compiled_react-dom_1e674e59._.js:10239:9)
    at flushSyncWorkAcrossRoots_impl (http://localhost:3000/_next/static/chunks/node_modules_next_dist_compiled_react-dom_1e674e59._.js:10155:316)
    at processRootScheduleInMicrotask (http://localhost:3000/_next/static/chunks/node_modules_next_dist_compiled_react-dom_1e674e59._.js:10176:106)
    at http://localhost:3000/_next/static/chunks/node_modules_next_dist_compiled_react-dom_1e674e59._.js:10250:158 The above error occurred in the <MotionDOMComponent> component. It was handled by the <ErrorBoundaryHandler> error boundary. @ http://localhost:3000/_next/static/chunks/node_modules_next_dist_client_17643121._.js:1343
[     894ms] [ERROR] Message: You have rendered a `motion` component within a `LazyMotion` component. This will break tree shaking. Import and render a `m` component instead.. For more information and steps for solving, visit https://motion.dev/troubleshooting/lazy-strict-mode @ http://localhost:3000/_next/static/chunks/node_modules_next_dist_f3530cac._.js:3128
[     895ms] [ERROR] Stack: Error: You have rendered a `motion` component within a `LazyMotion` component. This will break tree shaking. Import and render a `m` component instead.. For more information and steps for solving, visit https://motion.dev/troubleshooting/lazy-strict-mode
    at invariant (http://localhost:3000/_next/static/chunks/node_modules_9befdbf3._.js:11696:19)
    at useStrictMode (http://localhost:3000/_next/static/chunks/node_modules_framer-motion_dist_es_3d06417d._.js:2875:428)
    at MotionDOMComponent (http://localhost:3000/_next/static/chunks/node_modules_framer-motion_dist_es_3d06417d._.js:2835:13)
    at Object.react_stack_bottom_frame (http://localhost:3000/_next/static/chunks/node_modules_next_dist_compiled_react-dom_1e674e59._.js:14827:24)
    at renderWithHooks (http://localhost:3000/_next/static/chunks/node_modules_next_dist_compiled_react-dom_1e674e59._.js:4652:24)
    at updateForwardRef (http://localhost:3000/_next/static/chunks/node_modules_next_dist_compiled_react-dom_1e674e59._.js:5940:21)
    at beginWork (http://localhost:3000/_next/static/chunks/node_modules_next_dist_compiled_react-dom_1e674e59._.js:6784:24)
    at runWithFiberInDEV (http://localhost:3000/_next/static/chunks/node_modules_next_dist_compiled_react-dom_1e674e59._.js:966:74)
    at performUnitOfWork (http://localhost:3000/_next/static/chunks/node_modules_next_dist_compiled_react-dom_1e674e59._.js:9563:97)
    at workLoopSync (http://localhost:3000/_next/static/chunks/node_modules_next_dist_compiled_react-dom_1e674e59._.js:9457:40)
    at renderRootSync (http://localhost:3000/_next/static/chunks/node_modules_next_dist_compiled_react-dom_1e674e59._.js:9441:13)
    at performWorkOnRoot (http://localhost:3000/_next/static/chunks/node_modules_next_dist_compiled_react-dom_1e674e59._.js:9069:186)
    at performSyncWorkOnRoot (http://localhost:3000/_next/static/chunks/node_modules_next_dist_compiled_react-dom_1e674e59._.js:10239:9)
    at flushSyncWorkAcrossRoots_impl (http://localhost:3000/_next/static/chunks/node_modules_next_dist_compiled_react-dom_1e674e59._.js:10155:316)
    at processRootScheduleInMicrotask (http://localhost:3000/_next/static/chunks/node_modules_next_dist_compiled_react-dom_1e674e59._.js:10176:106)
    at http://localhost:3000/_next/static/chunks/node_modules_next_dist_compiled_react-dom_1e674e59._.js:10250:158 @ http://localhost:3000/_next/static/chunks/node_modules_next_dist_f3530cac._.js:3128
[     900ms] [ERROR] Message: You have rendered a `motion` component within a `LazyMotion` component. This will break tree shaking. Import and render a `m` component instead.. For more information and steps for solving, visit https://motion.dev/troubleshooting/lazy-strict-mode @ http://localhost:3000/_next/static/chunks/node_modules_next_dist_f3530cac._.js:3128
[     900ms] [ERROR] Stack: Error: You have rendered a `motion` component within a `LazyMotion` component. This will break tree shaking. Import and render a `m` component instead.. For more information and steps for solving, visit https://motion.dev/troubleshooting/lazy-strict-mode
    at invariant (http://localhost:3000/_next/static/chunks/node_modules_9befdbf3._.js:11696:19)
    at useStrictMode (http://localhost:3000/_next/static/chunks/node_modules_framer-motion_dist_es_3d06417d._.js:2875:428)
    at MotionDOMComponent (http://localhost:3000/_next/static/chunks/node_modules_framer-motion_dist_es_3d06417d._.js:2835:13)
    at Object.react_stack_bottom_frame (http://localhost:3000/_next/static/chunks/node_modules_next_dist_compiled_react-dom_1e674e59._.js:14827:24)
    at renderWithHooks (http://localhost:3000/_next/static/chunks/node_modules_next_dist_compiled_react-dom_1e674e59._.js:4652:24)
    at updateForwardRef (http://localhost:3000/_next/static/chunks/node_modules_next_dist_compiled_react-dom_1e674e59._.js:5940:21)
    at beginWork (http://localhost:3000/_next/static/chunks/node_modules_next_dist_compiled_react-dom_1e674e59._.js:6784:24)
    at runWithFiberInDEV (http://localhost:3000/_next/static/chunks/node_modules_next_dist_compiled_react-dom_1e674e59._.js:966:74)
    at performUnitOfWork (http://localhost:3000/_next/static/chunks/node_modules_next_dist_compiled_react-dom_1e674e59._.js:9563:97)
    at workLoopSync (http://localhost:3000/_next/static/chunks/node_modules_next_dist_compiled_react-dom_1e674e59._.js:9457:40)
    at renderRootSync (http://localhost:3000/_next/static/chunks/node_modules_next_dist_compiled_react-dom_1e674e59._.js:9441:13)
    at performWorkOnRoot (http://localhost:3000/_next/static/chunks/node_modules_next_dist_compiled_react-dom_1e674e59._.js:9069:186)
    at performSyncWorkOnRoot (http://localhost:3000/_next/static/chunks/node_modules_next_dist_compiled_react-dom_1e674e59._.js:10239:9)
    at flushSyncWorkAcrossRoots_impl (http://localhost:3000/_next/static/chunks/node_modules_next_dist_compiled_react-dom_1e674e59._.js:10155:316)
    at processRootScheduleInMicrotask (http://localhost:3000/_next/static/chunks/node_modules_next_dist_compiled_react-dom_1e674e59._.js:10176:106)
    at http://localhost:3000/_next/static/chunks/node_modules_next_dist_compiled_react-dom_1e674e59._.js:10250:158 @ http://localhost:3000/_next/static/chunks/node_modules_next_dist_f3530cac._.js:3128
